Component: ARM Compiler 5.06 update 7 (build 960) Tool: armlink [4d3601]

==============================================================================

Section Cross References

    main.o(i.main) refers to segger_rtt.o(i.SEGGER_RTT_WriteString) for SEGGER_RTT_WriteString
    main.o(i.main) refers to misc.o(i.NVIC_PriorityGroupConfig) for NVIC_PriorityGroupConfig
    main.o(i.main) refers to chip_driver_systick.o(i.chip_driver_systick_init) for chip_driver_systick_init
    main.o(i.main) refers to device_itl9341_driver.o(i.device_itl9341_init) for device_itl9341_init
    main.o(i.main) refers to device_sram_driver.o(i.device_sram_init) for device_sram_init
    main.o(i.main) refers to lv_obj.o(i.lv_init) for lv_init
    main.o(i.main) refers to lv_port_disp.o(i.lv_port_disp_init) for lv_port_disp_init
    main.o(i.main) refers to lv_arc_test.o(i.lv_ex_gauge_1) for lv_ex_gauge_1
    main.o(i.main) refers to lv_task.o(i.lv_task_handler) for lv_task_handler
    main.o(i.main) refers to chip_driver_systick.o(i.chip_driver_systick_delay_ms) for chip_driver_systick_delay_ms
    lv_calendar_test.o(i.event_handler) refers to lv_calendar.o(i.lv_calendar_get_pressed_date) for lv_calendar_get_pressed_date
    lv_calendar_test.o(i.event_handler) refers to printf1.o(i.__0sprintf$1) for __2sprintf
    lv_calendar_test.o(i.event_handler) refers to lv_label.o(i.lv_label_set_text) for lv_label_set_text
    lv_calendar_test.o(i.event_handler) refers to lv_calendar.o(i.lv_calendar_set_today_date) for lv_calendar_set_today_date
    lv_calendar_test.o(i.event_handler) refers to lv_calendar.o(i.lv_calendar_set_showed_date) for lv_calendar_set_showed_date
    lv_calendar_test.o(i.event_handler) refers to lv_calendar_test.o(.data) for .data
    lv_calendar_test.o(i.lv_calendar_test_start) refers to lv_hal_disp.o(i.lv_disp_get_default) for lv_disp_get_default
    lv_calendar_test.o(i.lv_calendar_test_start) refers to lv_disp.o(i.lv_disp_get_scr_act) for lv_disp_get_scr_act
    lv_calendar_test.o(i.lv_calendar_test_start) refers to lv_calendar.o(i.lv_calendar_create) for lv_calendar_create
    lv_calendar_test.o(i.lv_calendar_test_start) refers to lv_obj.o(i.lv_obj_set_size) for lv_obj_set_size
    lv_calendar_test.o(i.lv_calendar_test_start) refers to lv_obj.o(i.lv_obj_align) for lv_obj_align
    lv_calendar_test.o(i.lv_calendar_test_start) refers to lv_obj.o(i.lv_obj_set_event_cb) for lv_obj_set_event_cb
    lv_calendar_test.o(i.lv_calendar_test_start) refers to lv_theme.o(i.lv_theme_get_font_small) for lv_theme_get_font_small
    lv_calendar_test.o(i.lv_calendar_test_start) refers to lv_obj.o(i._lv_obj_set_style_local_ptr) for _lv_obj_set_style_local_ptr
    lv_calendar_test.o(i.lv_calendar_test_start) refers to lv_calendar.o(i.lv_calendar_set_today_date) for lv_calendar_set_today_date
    lv_calendar_test.o(i.lv_calendar_test_start) refers to lv_calendar.o(i.lv_calendar_set_showed_date) for lv_calendar_set_showed_date
    lv_calendar_test.o(i.lv_calendar_test_start) refers to lv_calendar.o(i.lv_calendar_set_highlighted_dates) for lv_calendar_set_highlighted_dates
    lv_calendar_test.o(i.lv_calendar_test_start) refers to lv_calendar_test.o(i.event_handler) for event_handler
    lv_calendar_test.o(i.lv_calendar_test_start) refers to lv_calendar_test.o(.bss) for .bss
    lv_calendar_test.o(.constdata) refers to lv_calendar_test.o(.conststring) for .conststring
    lv_calendar_test.o(.constdata) refers to lv_calendar_test.o(.conststring) for .conststring
    lv_arc_test.o(i.lv_arc_test_start) refers to lv_arc_test.o(i.lv_scr_act) for lv_scr_act
    lv_arc_test.o(i.lv_arc_test_start) refers to lv_arc.o(i.lv_arc_create) for lv_arc_create
    lv_arc_test.o(i.lv_arc_test_start) refers to lv_arc.o(i.lv_arc_set_end_angle) for lv_arc_set_end_angle
    lv_arc_test.o(i.lv_arc_test_start) refers to lv_obj.o(i.lv_obj_set_size) for lv_obj_set_size
    lv_arc_test.o(i.lv_arc_test_start) refers to lv_obj.o(i.lv_obj_set_pos) for lv_obj_set_pos
    lv_arc_test.o(i.lv_arc_test_start) refers to lv_obj.o(i.lv_obj_align) for lv_obj_align
    lv_arc_test.o(i.lv_ex_gauge_1) refers to lv_arc_test.o(i.lv_scr_act) for lv_scr_act
    lv_arc_test.o(i.lv_ex_gauge_1) refers to lv_gauge.o(i.lv_gauge_create) for lv_gauge_create
    lv_arc_test.o(i.lv_ex_gauge_1) refers to lv_gauge.o(i.lv_gauge_set_needle_count) for lv_gauge_set_needle_count
    lv_arc_test.o(i.lv_ex_gauge_1) refers to lv_obj.o(i.lv_obj_set_size) for lv_obj_set_size
    lv_arc_test.o(i.lv_ex_gauge_1) refers to lv_obj.o(i.lv_obj_align) for lv_obj_align
    lv_arc_test.o(i.lv_ex_gauge_1) refers to lv_obj.o(i._lv_obj_set_style_local_opa) for _lv_obj_set_style_local_opa
    lv_arc_test.o(i.lv_ex_gauge_1) refers to lv_gauge.o(i.lv_gauge_set_value) for lv_gauge_set_value
    lv_arc_test.o(i.lv_ex_gauge_1) refers to lv_arc_test.o(.constdata) for .constdata
    lv_arc_test.o(i.lv_ex_gauge_1) refers to lv_arc_test.o(.data) for .data
[...]
    lv_disp_drv_init                         0x08009419   Thumb Code    60  lv_hal_disp.o(i.lv_disp_drv_init)
    lv_disp_drv_register                     0x08009459   Thumb Code   206  lv_hal_disp.o(i.lv_disp_drv_register)
    lv_disp_flush_ready                      0x0800953d   Thumb Code    12  lv_hal_disp.o(i.lv_disp_flush_ready)
    lv_disp_get_buf                          0x08009549   Thumb Code     4  lv_hal_disp.o(i.lv_disp_get_buf)
    lv_disp_get_default                      0x0800954d   Thumb Code     6  lv_hal_disp.o(i.lv_disp_get_default)
    lv_disp_get_dpi                          0x08009559   Thumb Code    20  lv_hal_disp.o(i.lv_disp_get_dpi)
    lv_disp_get_hor_res                      0x08009571   Thumb Code    40  lv_hal_disp.o(i.lv_disp_get_hor_res)
    lv_disp_get_layer_sys                    0x0800959d   Thumb Code    16  lv_disp.o(i.lv_disp_get_layer_sys)
    lv_disp_get_layer_top                    0x080095ad   Thumb Code    16  lv_disp.o(i.lv_disp_get_layer_top)
    lv_disp_get_next                         0x080095bd   Thumb Code    16  lv_hal_disp.o(i.lv_disp_get_next)
    lv_disp_get_scr_act                      0x080095d1   Thumb Code    16  lv_disp.o(i.lv_disp_get_scr_act)
    lv_disp_get_scr_prev                     0x080095e1   Thumb Code    16  lv_disp.o(i.lv_disp_get_scr_prev)
    lv_disp_get_size_category                0x080095f1   Thumb Code    70  lv_hal_disp.o(i.lv_disp_get_size_category)
    lv_disp_get_ver_res                      0x0800963d   Thumb Code    38  lv_hal_disp.o(i.lv_disp_get_ver_res)
    lv_disp_is_double_buf                    0x08009669   Thumb Code    18  lv_hal_disp.o(i.lv_disp_is_double_buf)
    lv_disp_is_true_double_buf               0x0800967b   Thumb Code    36  lv_hal_disp.o(i.lv_disp_is_true_double_buf)
    lv_draw_arc                              0x0800969f   Thumb Code   534  lv_draw_arc.o(i.lv_draw_arc)
    lv_draw_img                              0x080098b5   Thumb Code    44  lv_draw_img.o(i.lv_draw_img)
    lv_draw_img_dsc_init                     0x080098e9   Thumb Code    34  lv_draw_img.o(i.lv_draw_img_dsc_init)
    lv_draw_label                            0x0800990d   Thumb Code  1300  lv_draw_label.o(i.lv_draw_label)
    lv_draw_label_dsc_init                   0x08009e29   Thumb Code    62  lv_draw_label.o(i.lv_draw_label_dsc_init)
    lv_draw_line                             0x08009f2f   Thumb Code   402  lv_draw_line.o(i.lv_draw_line)
    lv_draw_line_dsc_init                    0x0800a0c1   Thumb Code    30  lv_draw_line.o(i.lv_draw_line_dsc_init)
    lv_draw_mask_add                         0x0800a649   Thumb Code    46  lv_draw_mask.o(i.lv_draw_mask_add)
    lv_draw_mask_angle_init                  0x0800a8e1   Thumb Code   158  lv_draw_mask.o(i.lv_draw_mask_angle_init)
    lv_draw_mask_apply                       0x0800a985   Thumb Code    64  lv_draw_mask.o(i.lv_draw_mask_apply)
    lv_draw_mask_get_cnt                     0x0800a9c9   Thumb Code    28  lv_draw_mask.o(i.lv_draw_mask_get_cnt)
    lv_draw_mask_line_angle_init             0x0800aa95   Thumb Code    70  lv_draw_mask.o(i.lv_draw_mask_line_angle_init)
    lv_draw_mask_line_points_init            0x0800aadd   Thumb Code   256  lv_draw_mask.o(i.lv_draw_mask_line_points_init)
    lv_draw_mask_radius_init                 0x0800afe5   Thumb Code    74  lv_draw_mask.o(i.lv_draw_mask_radius_init)
    lv_draw_mask_remove_custom               0x0800b035   Thumb Code    42  lv_draw_mask.o(i.lv_draw_mask_remove_custom)
    lv_draw_mask_remove_id                   0x0800b065   Thumb Code    28  lv_draw_mask.o(i.lv_draw_mask_remove_id)
    lv_draw_rect                             0x0800b085   Thumb Code    70  lv_draw_rect.o(i.lv_draw_rect)
    lv_draw_rect_dsc_init                    0x0800b0cd   Thumb Code   100  lv_draw_rect.o(i.lv_draw_rect_dsc_init)
    lv_event_send                            0x0800b139   Thumb Code    26  lv_obj.o(i.lv_event_send)
    lv_event_send_func                       0x0800b155   Thumb Code   112  lv_obj.o(i.lv_event_send_func)
    lv_ex_gauge_1                            0x0800b1c9   Thumb Code   130  lv_arc_test.o(i.lv_ex_gauge_1)
    lv_font_get_bitmap_fmt_txt               0x0800b255   Thumb Code   170  lv_font_fmt_txt.o(i.lv_font_get_bitmap_fmt_txt)
    lv_font_get_glyph_bitmap                 0x0800b305   Thumb Code     4  lv_font.o(i.lv_font_get_glyph_bitmap)
    lv_font_get_glyph_dsc                    0x0800b309   Thumb Code    10  lv_font.o(i.lv_font_get_glyph_dsc)
    lv_font_get_glyph_dsc_fmt_txt            0x0800b315   Thumb Code   152  lv_font_fmt_txt.o(i.lv_font_get_glyph_dsc_fmt_txt)
    lv_font_get_glyph_width                  0x0800b3ad   Thumb Code    22  lv_font.o(i.lv_font_get_glyph_width)
    lv_gauge_create                          0x0800b3c5   Thumb Code   262  lv_gauge.o(i.lv_gauge_create)
    lv_gauge_set_needle_count                0x0800b8f1   Thumb Code    96  lv_gauge.o(i.lv_gauge_set_needle_count)
    lv_gauge_set_scale                       0x0800b951   Thumb Code    30  lv_gauge.o(i.lv_gauge_set_scale)
    lv_gauge_set_value                       0x0800b96f   Thumb Code   484  lv_gauge.o(i.lv_gauge_set_value)
    lv_group_add_obj                         0x0800bbf9   Thumb Code    84  lv_group.o(i.lv_group_add_obj)
    lv_group_focus_next                      0x0800bc4d   Thumb Code     8  lv_group.o(i.lv_group_focus_next)
    lv_group_focus_prev                      0x0800bc5d   Thumb Code     8  lv_group.o(i.lv_group_focus_prev)
    lv_group_get_editing                     0x0800bc6d   Thumb Code    12  lv_group.o(i.lv_group_get_editing)
    lv_group_get_focused                     0x0800bc79   Thumb Code    14  lv_group.o(i.lv_group_get_focused)
    lv_group_remove_obj                      0x0800bcb1   Thumb Code   132  lv_group.o(i.lv_group_remove_obj)
    lv_img_buf_get_px_alpha                  0x0800bd35   Thumb Code   186  lv_img_buf.o(i.lv_img_buf_get_px_alpha)
    lv_img_buf_get_px_color                  0x0800be05   Thumb Code   224  lv_img_buf.o(i.lv_img_buf_get_px_color)
    lv_img_cf_get_px_size                    0x0800bee5   Thumb Code    52  lv_draw_img.o(i.lv_img_cf_get_px_size)
    lv_img_cf_has_alpha                      0x0800bf19   Thumb Code    32  lv_draw_img.o(i.lv_img_cf_has_alpha)
    lv_img_cf_is_chroma_keyed                0x0800bf39   Thumb Code    26  lv_draw_img.o(i.lv_img_cf_is_chroma_keyed)
    lv_img_decoder_built_in_close            0x0800bf53   Thumb Code    38  lv_img_decoder.o(i.lv_img_decoder_built_in_close)
    lv_img_decoder_built_in_info             0x0800bf79   Thumb Code    94  lv_img_decoder.o(i.lv_img_decoder_built_in_info)
    lv_img_decoder_built_in_open             0x0800c25d   Thumb Code   270  lv_img_decoder.o(i.lv_img_decoder_built_in_open)
    lv_img_decoder_built_in_read_line        0x0800c36b   Thumb Code    96  lv_img_decoder.o(i.lv_img_decoder_built_in_read_line)
    lv_img_decoder_close                     0x0800c3cb   Thumb Code    36  lv_img_decoder.o(i.lv_img_decoder_close)
    lv_img_decoder_create                    0x0800c3f1   Thumb Code    26  lv_img_decoder.o(i.lv_img_decoder_create)
    lv_img_decoder_get_info                  0x0800c411   Thumb Code    74  lv_img_decoder.o(i.lv_img_decoder_get_info)
    lv_img_decoder_open                      0x0800c465   Thumb Code   128  lv_img_decoder.o(i.lv_img_decoder_open)
    lv_img_decoder_read_line                 0x0800c4e9   Thumb Code    38  lv_img_decoder.o(i.lv_img_decoder_read_line)
    lv_img_src_get_type                      0x0800c6cd   Thumb Code    34  lv_draw_img.o(i.lv_img_src_get_type)
    lv_indev_get_act                         0x0800c6f1   Thumb Code     6  lv_indev.o(i.lv_indev_get_act)
    lv_indev_get_next                        0x0800c6fd   Thumb Code    16  lv_hal_indev.o(i.lv_indev_get_next)
    lv_indev_get_obj_act                     0x0800c711   Thumb Code     6  lv_indev.o(i.lv_indev_get_obj_act)
    lv_indev_reset                           0x0800c71d   Thumb Code   124  lv_indev.o(i.lv_indev_reset)
    lv_init                                  0x0800c79d   Thumb Code   110  lv_obj.o(i.lv_init)
    lv_linemeter_create                      0x0800c829   Thumb Code   148  lv_linemeter.o(i.lv_linemeter_create)
    lv_linemeter_draw_scale                  0x0800c909   Thumb Code  1094  lv_linemeter.o(i.lv_linemeter_draw_scale)
    lv_linemeter_get_angle_offset            0x0800cd4f   Thumb Code    10  lv_linemeter.o(i.lv_linemeter_get_angle_offset)
    lv_linemeter_get_max_value               0x0800cd59   Thumb Code    10  lv_linemeter.o(i.lv_linemeter_get_max_value)
    lv_linemeter_get_min_value               0x0800cd63   Thumb Code    10  lv_linemeter.o(i.lv_linemeter_get_min_value)
    lv_linemeter_get_scale_angle             0x0800cd6d   Thumb Code    10  lv_linemeter.o(i.lv_linemeter_get_scale_angle)
    lv_linemeter_set_scale                   0x0800cd77   Thumb Code    40  lv_linemeter.o(i.lv_linemeter_set_scale)
    lv_linemeter_set_value                   0x0800cd9f   Thumb Code    78  lv_linemeter.o(i.lv_linemeter_set_value)
    lv_mem_alloc                             0x0800ce41   Thumb Code    92  lv_mem.o(i.lv_mem_alloc)
    lv_mem_defrag                            0x0800cea1   Thumb Code    70  lv_mem.o(i.lv_mem_defrag)
    lv_mem_free                              0x0800cee9   Thumb Code    86  lv_mem.o(i.lv_mem_free)
    lv_mem_realloc                           0x0800cf45   Thumb Code   100  lv_mem.o(i.lv_mem_realloc)
    lv_obj_add_state                         0x0800cfa9   Thumb Code    16  lv_obj.o(i.lv_obj_add_state)
    lv_obj_align                             0x0800cfb9   Thumb Code    62  lv_obj.o(i.lv_obj_align)
    lv_obj_align_mid                         0x0800cff7   Thumb Code    62  lv_obj.o(i.lv_obj_align_mid)
    lv_obj_allocate_ext_attr                 0x0800d035   Thumb Code    18  lv_obj.o(i.lv_obj_allocate_ext_attr)
    lv_obj_area_is_visible                   0x0800d049   Thumb Code   186  lv_obj.o(i.lv_obj_area_is_visible)
    lv_obj_clean_style_list                  0x0800d103   Thumb Code    36  lv_obj.o(i.lv_obj_clean_style_list)
    lv_obj_clear_state                       0x0800d127   Thumb Code    18  lv_obj.o(i.lv_obj_clear_state)
    lv_obj_create                            0x0800d139   Thumb Code   720  lv_obj.o(i.lv_obj_create)
    lv_obj_del                               0x0800d411   Thumb Code    64  lv_obj.o(i.lv_obj_del)
    lv_obj_get_child                         0x0800d691   Thumb Code    14  lv_obj.o(i.lv_obj_get_child)
    lv_obj_get_coords                        0x0800d69f   Thumb Code    12  lv_obj.o(i.lv_obj_get_coords)
    lv_obj_get_design_cb                     0x0800d6ab   Thumb Code     4  lv_obj.o(i.lv_obj_get_design_cb)
    lv_obj_get_disp                          0x0800d6b1   Thumb Code    64  lv_obj.o(i.lv_obj_get_disp)
    lv_obj_get_draw_rect_ext_pad_size        0x0800d6f5   Thumb Code   504  lv_obj.o(i.lv_obj_get_draw_rect_ext_pad_size)
    lv_obj_get_ext_attr                      0x0800d8ed   Thumb Code     4  lv_obj.o(i.lv_obj_get_ext_attr)
    lv_obj_get_focused_obj                   0x0800d8f1   Thumb Code    26  lv_obj.o(i.lv_obj_get_focused_obj)
    lv_obj_get_height                        0x0800d90b   Thumb Code    12  lv_obj.o(i.lv_obj_get_height)
    lv_obj_get_hidden                        0x0800d917   Thumb Code    10  lv_obj.o(i.lv_obj_get_hidden)
    lv_obj_get_parent                        0x0800d921   Thumb Code     4  lv_obj.o(i.lv_obj_get_parent)
    lv_obj_get_screen                        0x0800d925   Thumb Code    12  lv_obj.o(i.lv_obj_get_screen)
    lv_obj_get_signal_cb                     0x0800d931   Thumb Code     4  lv_obj.o(i.lv_obj_get_signal_cb)
    lv_obj_get_state                         0x0800d935   Thumb Code    36  lv_obj.o(i.lv_obj_get_state)
    lv_obj_get_style_list                    0x0800d999   Thumb Code    36  lv_obj.o(i.lv_obj_get_style_list)
    lv_obj_get_width                         0x0800da93   Thumb Code    12  lv_obj.o(i.lv_obj_get_width)
    lv_obj_get_x                             0x0800da9f   Thumb Code    18  lv_obj.o(i.lv_obj_get_x)
    lv_obj_get_y                             0x0800dab1   Thumb Code    18  lv_obj.o(i.lv_obj_get_y)
    lv_obj_handle_get_type_signal            0x0800dac5   Thumb Code    26  lv_obj.o(i.lv_obj_handle_get_type_signal)
    lv_obj_init_draw_img_dsc                 0x0800dadf   Thumb Code   138  lv_obj.o(i.lv_obj_init_draw_img_dsc)
    lv_obj_init_draw_label_dsc               0x0800db69   Thumb Code   188  lv_obj.o(i.lv_obj_init_draw_label_dsc)
    lv_obj_init_draw_line_dsc                0x0800dc25   Thumb Code   148  lv_obj.o(i.lv_obj_init_draw_line_dsc)
    lv_obj_init_draw_rect_dsc                0x0800dcb9   Thumb Code   418  lv_obj.o(i.lv_obj_init_draw_rect_dsc)
    lv_obj_invalidate                        0x0800de5b   Thumb Code    66  lv_obj.o(i.lv_obj_invalidate)
    lv_obj_invalidate_area                   0x0800de9d   Thumb Code    36  lv_obj.o(i.lv_obj_invalidate_area)
    lv_obj_is_focused                        0x0800dec1   Thumb Code    24  lv_obj.o(i.lv_obj_is_focused)
    lv_obj_is_protected                      0x0800ded9   Thumb Code    12  lv_obj.o(i.lv_obj_is_protected)
    lv_obj_move_foreground                   0x0800dee5   Thumb Code    56  lv_obj.o(i.lv_obj_move_foreground)
    lv_obj_realign                           0x0800df1d   Thumb Code    38  lv_obj.o(i.lv_obj_realign)
    lv_obj_refresh_ext_draw_pad              0x0800df43   Thumb Code    12  lv_obj.o(i.lv_obj_refresh_ext_draw_pad)
    lv_obj_refresh_style                     0x0800df4f   Thumb Code   262  lv_obj.o(i.lv_obj_refresh_style)
    lv_obj_report_style_mod                  0x0800e055   Thumb Code    58  lv_obj.o(i.lv_obj_report_style_mod)
    lv_obj_reset_style_list                  0x0800e08f   Thumb Code    24  lv_obj.o(i.lv_obj_reset_style_list)
    lv_obj_set_click                         0x0800e0a7   Thumb Code    12  lv_obj.o(i.lv_obj_set_click)
    lv_obj_set_design_cb                     0x0800e0b3   Thumb Code     4  lv_obj.o(i.lv_obj_set_design_cb)
    lv_obj_set_pos                           0x0800e0b7   Thumb Code   124  lv_obj.o(i.lv_obj_set_pos)
    lv_obj_set_signal_cb                     0x0800e133   Thumb Code     4  lv_obj.o(i.lv_obj_set_signal_cb)
    lv_obj_set_size                          0x0800e137   Thumb Code   128  lv_obj.o(i.lv_obj_set_size)
    lv_obj_set_state                         0x0800e1b9   Thumb Code   470  lv_obj.o(i.lv_obj_set_state)
    lv_obj_set_x                             0x0800e39d   Thumb Code    24  lv_obj.o(i.lv_obj_set_x)
    lv_obj_set_y                             0x0800e3b5   Thumb Code    22  lv_obj.o(i.lv_obj_set_y)
    lv_port_disp_init                        0x0800e4e5   Thumb Code    80  lv_port_disp.o(i.lv_port_disp_init)
    lv_signal_send                           0x0800ee61   Thumb Code    22  lv_obj.o(i.lv_signal_send)
    lv_style_copy                            0x0800ee77   Thumb Code    42  lv_style.o(i.lv_style_copy)
    lv_style_init                            0x0800eea1   Thumb Code     6  lv_style.o(i.lv_style_init)
    lv_style_list_copy                       0x0800eea7   Thumb Code   206  lv_style.o(i.lv_style_list_copy)
    lv_style_list_get_local_style            0x0800ef75   Thumb Code    24  lv_style.o(i.lv_style_list_get_local_style)
    lv_style_list_init                       0x0800efb3   Thumb Code     6  lv_style.o(i.lv_style_list_init)
    lv_style_remove_prop                     0x0800efb9   Thumb Code    88  lv_style.o(i.lv_style_remove_prop)
    lv_style_reset                           0x0800f011   Thumb Code    20  lv_style.o(i.lv_style_reset)
    lv_task_create                           0x0800f17d   Thumb Code   116  lv_task.o(i.lv_task_create)
    lv_task_del                              0x0800f1f9   Thumb Code    36  lv_task.o(i.lv_task_del)
    lv_task_handler                          0x0800f265   Thumb Code   262  lv_task.o(i.lv_task_handler)
    lv_task_ready                            0x0800f379   Thumb Code    18  lv_task.o(i.lv_task_ready)
    lv_task_set_prio                         0x0800f38d   Thumb Code    84  lv_task.o(i.lv_task_set_prio)
    lv_theme_apply                           0x0800f401   Thumb Code    26  lv_theme.o(i.lv_theme_apply)
    lv_theme_get_font_normal                 0x0800f421   Thumb Code     8  lv_theme.o(i.lv_theme_get_font_normal)
    lv_theme_material_init                   0x0800f42d   Thumb Code   158  lv_theme_material.o(i.lv_theme_material_init)
    lv_theme_set_act                         0x0800f4dd   Thumb Code     6  lv_theme.o(i.lv_theme_set_act)
    lv_tick_elaps                            0x0800f4e9   Thumb Code    12  lv_hal_tick.o(i.lv_tick_elaps)
    lv_tick_get                              0x0800f4f5   Thumb Code    16  lv_hal_tick.o(i.lv_tick_get)
    lv_tick_inc                              0x0800f509   Thumb Code    14  lv_hal_tick.o(i.lv_tick_inc)
    main                                     0x0800f775   Thumb Code    52  main.o(i.main)
    _lv_bpp1_opa_table                       0x08011d30   Data           2  lv_draw_label.o(.constdata)
    _lv_bpp2_opa_table                       0x08011d36   Data           4  lv_draw_label.o(.constdata)
    _lv_bpp4_opa_table                       0x08011d3a   Data          16  lv_draw_label.o(.constdata)
    _lv_bpp8_opa_table                       0x08011d4a   Data         256  lv_draw_label.o(.constdata)
    lv_anim_path_def                         0x0801527c   Data           8  lv_anim.o(.constdata)
    Region$$Table$$Base                      0x08015370   Number         0  anon$$obj.o(Region$$Table)
    Region$$Table$$Limit                     0x08015390   Number         0  anon$$obj.o(Region$$Table)
    lv_font_montserrat_14                    0x20000054   Data          20  lv_font_montserrat_14.o(.data)
    _lv_img_cache_array                      0x20000080   Data           4  lv_gc.o(.data)
    _lv_task_act                             0x20000084   Data           4  lv_gc.o(.data)
    _lv_theme_material_styles                0x20000088   Data           4  lv_gc.o(.data)
    _lv_theme_template_styles                0x2000008c   Data           4  lv_gc.o(.data)
    _lv_theme_mono_styles                    0x20000090   Data           4  lv_gc.o(.data)
    _lv_theme_empty_styles                   0x20000094   Data           4  lv_gc.o(.data)
    _lv_font_decompr_buf                     0x20000098   Data           4  lv_gc.o(.data)
    _lv_txt_encoded_size                     0x200000cc   Data           4  lv_txt.o(.data)
    _lv_txt_encoded_next                     0x200000d0   Data           4  lv_txt.o(.data)
    _lv_txt_encoded_get_byte_id              0x200000d4   Data           4  lv_txt.o(.data)
    _lv_txt_encoded_get_char_id              0x200000d8   Data           4  lv_txt.o(.data)
    _lv_task_ll                              0x20000220   Data          12  lv_gc.o(.bss)
    _lv_disp_ll                              0x2000022c   Data          12  lv_gc.o(.bss)
    _lv_indev_ll                             0x20000238   Data          12  lv_gc.o(.bss)
    _lv_drv_ll                               0x20000244   Data          12  lv_gc.o(.bss)
    _lv_file_ll                              0x20000250   Data          12  lv_gc.o(.bss)
    _lv_anim_ll                              0x2000025c   Data          12  lv_gc.o(.bss)
    _lv_group_ll                             0x20000268   Data          12  lv_gc.o(.bss)
    _lv_img_defoder_ll                       0x20000274   Data          12  lv_gc.o(.bss)
    _lv_obj_style_trans_ll                   0x20000280   Data          12  lv_gc.o(.bss)
    _lv_mem_buf                              0x2000028c   Data         128  lv_gc.o(.bss)
    _lv_draw_mask_list                       0x2000030c   Data         128  lv_gc.o(.bss)
    _SEGGER_RTT                              0x200083f8   Data         168  segger_rtt.o(.bss)
    __initial_sp                             0x2000a8c0   Data           0  startup_stm32f40_41xxx.o(STACK)



==============================================================================

Memory Map of the image

  Image Entry point : 0x08000189

  Load Region LR_IROM1 (Base: 0x08000000, Size: 0x0001548c, Max: 0x00100000, ABSOLUTE)

    Execution Region ER_IROM1 (Exec base: 0x08000000, Load base: 0x08000000, Size: 0x00015390, Max: 0x00100000, ABSOLUTE)

    Exec Addr    Load Addr    Size         Type   Attr      Idx    E Section Name        Object

    0x08000000   0x08000000   0x00000188   Data   RO        13368    RESET               startup_stm32f40_41xxx.o
    0x08000188   0x08000188   0x00000000   Code   RO        15414  * .ARM.Collect$$$$00000000  mc_w.l(entry.o)
    0x08000188   0x08000188   0x00000004   Code   RO        15696    .ARM.Collect$$$$00000001  mc_w.l(entry2.o)
    0x0800018c   0x0800018c   0x00000004   Code   RO        15699    .ARM.Collect$$$$00000004  mc_w.l(entry5.o)
    0x08000190   0x08000190   0x00000000   Code   RO        15701    .ARM.Collect$$$$00000008  mc_w.l(entry7b.o)
    0x08000190   0x08000190   0x00000000   Code   RO        15703    .ARM.Collect$$$$0000000A  mc_w.l(entry8b.o)
    0x08000190   0x08000190   0x00000008   Code   RO        15704    .ARM.Collect$$$$0000000B  mc_w.l(entry9a.o)
    0x08000198   0x08000198   0x00000004   Code   RO        15711    .ARM.Collect$$$$0000000E  mc_w.l(entry12b.o)
    0x0800019c   0x0800019c   0x00000000   Code   RO        15706    .ARM.Collect$$$$0000000F  mc_w.l(entry10a.o)
    0x0800019c   0x0800019c   0x00000000   Code   RO        15708    .ARM.Collect$$$$00000011  mc_w.l(entry11a.o)
    0x0800019c   0x0800019c   0x00000004   Code   RO        15697    .ARM.Collect$$$$00002712  mc_w.l(entry2.o)
    0x080001a0   0x080001a0   0x00000024   Code   RO        13369    .text               startup_stm32f40_41xxx.o
    0x080001c4   0x080001c4   0x00000024   Code   RO        15419    .text               mc_w.l(memcpya.o)
    0x080001e8   0x080001e8   0x0000000e   Code   RO        15425    .text               mc_w.l(strlen.o)
    0x080001f6   0x080001f6   0x0000001a   Code   RO        15429    .text               mc_w.l(memcmp.o)
    0x08000210   0x08000210   0x00000012   Code   RO        15431    .text               mc_w.l(strcpy.o)
    0x08000222   0x08000222   0x0000002c   Code   RO        15715    .text               mc_w.l(uidiv.o)
    0x0800024e   0x0800024e   0x00000002   PAD
    0x08000250   0x08000250   0x00000024   Code   RO        15732    .text               mc_w.l(init.o)
    0x08000274   0x08000274   0x00000002   Code   RO        13238    i.BusFault_Handler  stm32f4xx_it.o
    0x08000276   0x08000276   0x00000002   Code   RO        13239    i.DebugMon_Handler  stm32f4xx_it.o
    0x08000278   0x08000278   0x00000020   Code   RO        15201    i.FSMC_NORSRAMCmd   stm32f4xx_fsmc.o
    0x08000298   0x08000298   0x000000c8   Code   RO        15203    i.FSMC_NORSRAMInit  stm32f4xx_fsmc.o
    0x08000360   0x08000360   0x000000a2   Code   RO        13852    i.GPIO_Init         stm32f4xx_gpio.o
    0x08000402   0x08000402   0x00000020   Code   RO        13853    i.GPIO_PinAFConfig  stm32f4xx_gpio.o
    0x08000422   0x08000422   0x00000004   Code   RO        13860    i.GPIO_SetBits      stm32f4xx_gpio.o
    0x08000426   0x08000426   0x00000002   Code   RO        13240    i.HardFault_Handler  stm32f4xx_it.o
    0x08000428   0x08000428   0x00000002   Code   RO        13241    i.MemManage_Handler  stm32f4xx_it.o
    0x0800042a   0x0800042a   0x00000002   Code   RO        13242    i.NMI_Handler       stm32f4xx_it.o
    0x0800042c   0x0800042c   0x00000014   Code   RO        13376    i.NVIC_PriorityGroupConfig  misc.o
    0x08000440   0x08000440   0x00000002   Code   RO        13243    i.PendSV_Handler    stm32f4xx_it.o
    0x08000442   0x08000442   0x00000002   PAD
    0x08000444   0x08000444   0x00000018   Code   RO        14121    i.RCC_AHB1PeriphClockCmd  stm32f4xx_rcc.o
    0x0800045c   0x0800045c   0x00000018   Code   RO        14127    i.RCC_AHB3PeriphClockCmd  stm32f4xx_rcc.o
    0x08000474   0x08000474   0x00000038   Code   RO        12771    i.SEGGER_RTT_Write  segger_rtt.o
    0x080004ac   0x080004ac   0x0000005c   Code   RO        12774    i.SEGGER_RTT_WriteNoLock  segger_rtt.o
    0x08000508   0x08000508   0x0000001a   Code   RO        12776    i.SEGGER_RTT_WriteString  segger_rtt.o
    0x08000522   0x08000522   0x00000002   Code   RO        13244    i.SVC_Handler       stm32f4xx_it.o
    0x08000524   0x08000524   0x000000b4   Code   RO        13309    i.SetSysClock       system_stm32f4xx.o
    0x080005d8   0x080005d8   0x00000018   Code   RO        13379    i.SysTick_CLKSourceConfig  misc.o
    0x080005f0   0x080005f0   0x00000006   Code   RO        13245    i.SysTick_Handler   stm32f4xx_it.o
    0x080005f6   0x080005f6   0x00000002   PAD
    0x080005f8   0x080005f8   0x0000005c   Code   RO        13311    i.SystemInit        system_stm32f4xx.o
    0x08000654   0x08000654   0x00000002   Code   RO        13246    i.UsageFault_Handler  stm32f4xx_it.o
    0x08000656   0x08000656   0x00000002   PAD
    0x08000658   0x08000658   0x00000068   Code   RO        12778    i._DoInit           segger_rtt.o
    0x080006c0   0x080006c0   0x00000016   Code   RO        12779    i._GetAvailWriteSpace  segger_rtt.o
    0x080006d6   0x080006d6   0x0000005a   Code   RO        12781    i._WriteBlocking    segger_rtt.o
    0x08000730   0x08000730   0x00000042   Code   RO        12782    i._WriteNoCheck     segger_rtt.o
    0x08000772   0x08000772   0x00000002   PAD
    0x08000774   0x08000774   0x00000028   Code   RO        15482    i.__0sprintf$1      mc_w.l(printf1.o)
    0x0800079c   0x0800079c   0x0000000e   Code   RO        15742    i.__scatterload_copy  mc_w.l(handlers.o)
    0x080007aa   0x080007aa   0x00000002   Code   RO        15743    i.__scatterload_null  mc_w.l(handlers.o)
    0x080007ac   0x080007ac   0x0000000e   Code   RO        15744    i.__scatterload_zeroinit  mc_w.l(handlers.o)
    0x080007ba   0x080007ba   0x00000002   PAD
    0x080007bc   0x080007bc   0x00000030   Code   RO         5273    i._lv_anim_core_init  lv_anim.o
    0x080007ec   0x080007ec   0x000001c8   Code   RO         5460    i._lv_area_align    lv_area.o
    0x080009b4   0x080009b4   0x00000050   Code   RO         5461    i._lv_area_intersect  lv_area.o
    0x08000a04   0x08000a04   0x000000a8   Code   RO         5462    i._lv_area_is_in    lv_area.o
    0x08000aac   0x08000aac   0x00000038   Code   RO         5463    i._lv_area_is_on    lv_area.o
    0x08000ae4   0x08000ae4   0x00000126   Code   RO         5464    i._lv_area_is_point_on  lv_area.o
    0x08000c0a   0x08000c0a   0x00000044   Code   RO         5465    i._lv_area_join     lv_area.o
    0x08000c4e   0x08000c4e   0x000000d8   Code   RO         2914    i._lv_blend_fill    lv_draw_blend.o
    0x08000d26   0x08000d26   0x000000e0   Code   RO         2915    i._lv_blend_map     lv_draw_blend.o
    0x08000e06   0x08000e06   0x00000002   PAD
    0x08000e08   0x08000e08   0x00000168   Code   RO         2415    i._lv_disp_refr_task  lv_refr.o
    0x08000f70   0x08000f70   0x00000018   Code   RO         4290    i._lv_font_clean_up_fmt_txt  lv_font_fmt_txt.o
    0x08000f88   0x08000f88   0x0000000c   Code   RO          750    i._lv_group_init    lv_group.o
    0x08000f94   0x08000f94   0x00000240   Code   RO         3698    i._lv_img_buf_get_transformed_area  lv_img_buf.o
    0x080011d4   0x080011d4   0x00000154   Code   RO         3051    i._lv_img_buf_transform  lv_draw_img.o
    0x08001328   0x08001328   0x00000284   Code   RO         3699    i._lv_img_buf_transform_anti_alias  lv_img_buf.o
    0x080015ac   0x080015ac   0x000000f6   Code   RO         3700    i._lv_img_buf_transform_init  lv_img_buf.o
    0x080016a2   0x080016a2   0x00000002   PAD
    0x080016a4   0x080016a4   0x00000060   Code   RO         3799    i._lv_img_cache_open  lv_img_cache.o
    0x08001704   0x08001704   0x00000038   Code   RO         3850    i._lv_img_decoder_init  lv_img_decoder.o
    0x0800173c   0x0800173c   0x00000008   Code   RO          996    i._lv_indev_init    lv_indev.o
    0x08001744   0x08001744   0x000000d0   Code   RO         2416    i._lv_inv_area      lv_refr.o
    0x08001814   0x08001814   0x00000068   Code   RO         5712    i._lv_ll_chg_list   lv_ll.o
    0x0800187c   0x0800187c   0x0000000a   Code   RO         5714    i._lv_ll_get_head   lv_ll.o
    0x08001886   0x08001886   0x0000000c   Code   RO         5716    i._lv_ll_get_next   lv_ll.o
    0x08001892   0x08001892   0x0000000a   Code   RO         5717    i._lv_ll_get_prev   lv_ll.o
    0x0800189c   0x0800189c   0x0000000a   Code   RO         5718    i._lv_ll_get_tail   lv_ll.o
    0x080018a6   0x080018a6   0x00000010   Code   RO         5719    i._lv_ll_init       lv_ll.o
    0x080018b6   0x080018b6   0x0000003c   Code   RO         5720    i._lv_ll_ins_head   lv_ll.o
    0x080018f2   0x080018f2   0x00000066   Code   RO         5721    i._lv_ll_ins_prev   lv_ll.o
    0x08001958   0x08001958   0x0000003c   Code   RO         5722    i._lv_ll_ins_tail   lv_ll.o
    0x08001994   0x08001994   0x00000012   Code   RO         5723    i._lv_ll_is_empty   lv_ll.o
    0x080019a6   0x080019a6   0x00000060   Code   RO         5724    i._lv_ll_move_before  lv_ll.o
    0x08001a06   0x08001a06   0x00000076   Code   RO         5725    i._lv_ll_remove     lv_ll.o
    0x08001a7c   0x08001a7c   0x00000024   Code   RO         5817    i._lv_map           lv_math.o
    0x08001aa0   0x08001aa0   0x00000044   Code   RO         5859    i._lv_mem_buf_free_all  lv_mem.o
    0x08001ae4   0x08001ae4   0x000000c4   Code   RO         5860    i._lv_mem_buf_get   lv_mem.o
    0x08001ba8   0x08001ba8   0x00000040   Code   RO         5861    i._lv_mem_buf_release  lv_mem.o
    0x08001be8   0x08001be8   0x0000001c   Code   RO         5863    i._lv_mem_get_size  lv_mem.o
    0x08001c04   0x08001c04   0x00000020   Code   RO         5864    i._lv_mem_init      lv_mem.o
    0x08001c24   0x08001c24   0x00000128   Code   RO         5865    i._lv_memcpy        lv_mem.o
    0x08001d4c   0x08001d4c   0x00000018   Code   RO         1213    i._lv_memcpy_small  lv_obj.o
    0x08001d64   0x08001d64   0x00000018   Code   RO         2561    i._lv_memcpy_small  lv_style.o
    0x08001d7c   0x08001d7c   0x00000018   Code   RO         3052    i._lv_memcpy_small  lv_draw_img.o
    0x08001d94   0x08001d94   0x00000018   Code   RO         3701    i._lv_memcpy_small  lv_img_buf.o
    0x08001dac   0x08001dac   0x00000064   Code   RO         5866    i._lv_memset        lv_mem.o
    0x08001e10   0x08001e10   0x0000005c   Code   RO         5867    i._lv_memset_00     lv_mem.o
    0x08001e6c   0x08001e6c   0x00000060   Code   RO         5868    i._lv_memset_ff     lv_mem.o
    0x08001ecc   0x08001ecc   0x00000042   Code   RO         1214    i._lv_obj_disable_style_caching  lv_obj.o
    0x08001f0e   0x08001f0e   0x00000002   PAD
    0x08001f10   0x08001f10   0x00000080   Code   RO         1215    i._lv_obj_get_style_color  lv_obj.o
    0x08001f90   0x08001f90   0x000001a2   Code   RO         1216    i._lv_obj_get_style_int  lv_obj.o
    0x08002132   0x08002132   0x000000bc   Code   RO         1217    i._lv_obj_get_style_opa  lv_obj.o
    0x080021ee   0x080021ee   0x00000002   PAD
    0x080021f0   0x080021f0   0x000000c0   Code   RO         1218    i._lv_obj_get_style_ptr  lv_obj.o
    0x080022b0   0x080022b0   0x00000034   Code   RO         1221    i._lv_obj_set_style_local_opa  lv_obj.o
    0x080022e4   0x080022e4   0x0000000c   Code   RO         2417    i._lv_refr_get_disp_refreshing  lv_refr.o
    0x080022f0   0x080022f0   0x00000002   Code   RO         2418    i._lv_refr_init     lv_refr.o
    0x080022f2   0x080022f2   0x00000022   Code   RO         5819    i._lv_sqrt          lv_math.o
    0x08002314   0x08002314   0x00000044   Code   RO         2562    i._lv_style_get_color  lv_style.o
    0x08002358   0x08002358   0x00000044   Code   RO         2563    i._lv_style_get_int  lv_style.o
    0x0800239c   0x0800239c   0x00000028   Code   RO         2564    i._lv_style_get_mem_size  lv_style.o
    0x080023c4   0x080023c4   0x00000044   Code   RO         2565    i._lv_style_get_opa  lv_style.o
    0x08002408   0x08002408   0x00000044   Code   RO         2566    i._lv_style_get_ptr  lv_style.o
    0x0800244c   0x0800244c   0x0000006c   Code   RO         2567    i._lv_style_list_add_style  lv_style.o
    0x080024b8   0x080024b8   0x0000004a   Code   RO         2568    i._lv_style_list_add_trans_style  lv_style.o
    0x08002502   0x08002502   0x00000078   Code   RO         2569    i._lv_style_list_get_color  lv_style.o
    0x0800257a   0x0800257a   0x00000078   Code   RO         2570    i._lv_style_list_get_int  lv_style.o
    0x080025f2   0x080025f2   0x00000078   Code   RO         2571    i._lv_style_list_get_opa  lv_style.o
    0x0800266a   0x0800266a   0x0000006e   Code   RO         2572    i._lv_style_list_get_ptr  lv_style.o
    0x080026d8   0x080026d8   0x00000010   Code   RO         2573    i._lv_style_list_get_transition_style  lv_style.o
    0x080026e8   0x080026e8   0x0000008c   Code   RO         2574    i._lv_style_list_remove_style  lv_style.o
    0x08002774   0x08002774   0x00000054   Code   RO         2575    i._lv_style_list_reset  lv_style.o
    0x080027c8   0x080027c8   0x00000016   Code   RO         2578    i._lv_style_list_set_local_opa  lv_style.o
    0x080027de   0x080027de   0x00000084   Code   RO         2580    i._lv_style_set_color  lv_style.o
    0x08002862   0x08002862   0x00000084   Code   RO         2581    i._lv_style_set_int  lv_style.o
    0x080028e6   0x080028e6   0x00000084   Code   RO         2582    i._lv_style_set_opa  lv_style.o
    0x0800296a   0x0800296a   0x00000084   Code   RO         2583    i._lv_style_set_ptr  lv_style.o
    0x080029ee   0x080029ee   0x00000002   PAD
    0x080029f0   0x080029f0   0x0000001c   Code   RO         6034    i._lv_task_core_init  lv_task.o
    0x08002a0c   0x08002a0c   0x00000054   Code   RO         5820    i._lv_trigo_sin     lv_math.o
    0x08002a60   0x08002a60   0x000000d8   Code   RO         6147    i._lv_txt_get_next_line  lv_txt.o
    0x08002b38   0x08002b38   0x000000b8   Code   RO         6148    i._lv_txt_get_size  lv_txt.o
    0x08002bf0   0x08002bf0   0x0000008c   Code   RO         6149    i._lv_txt_get_width  lv_txt.o
    0x08002c7c   0x08002c7c   0x00000036   Code   RO         6151    i._lv_txt_is_cmd    lv_txt.o
    0x08002cb2   0x08002cb2   0x00000002   PAD
    0x08002cb4   0x08002cb4   0x0000004c   Code   RO         6314    i._lv_utils_bsearch  lv_utils.o
    0x08002d00   0x08002d00   0x00000072   Code   RO         6315    i._lv_utils_num_to_str  lv_utils.o
    0x08002d72   0x08002d72   0x00000002   PAD
    0x08002d74   0x08002d74   0x00000154   Code   RO        15487    i._printf_core      mc_w.l(printf1.o)
    0x08002ec8   0x08002ec8   0x0000000a   Code   RO        15489    i._sputc            mc_w.l(printf1.o)
    0x08002ed2   0x08002ed2   0x00000002   PAD
    0x08002ed4   0x08002ed4   0x00000028   Code   RO         5274    i.anim_mark_list_change  lv_anim.o
    0x08002efc   0x08002efc   0x0000008c   Code   RO         5275    i.anim_ready_handler  lv_anim.o
    0x08002f88   0x08002f88   0x000000b0   Code   RO         5276    i.anim_task         lv_anim.o
    0x08003038   0x08003038   0x00000038   Code   RO         6335    i.apply_theme       lv_theme.o
    0x08003070   0x08003070   0x0000012c   Code   RO         6694    i.arc_init          lv_theme_material.o
    0x0800319c   0x0800319c   0x00000170   Code   RO         6695    i.bar_init          lv_theme_material.o
    0x0800330c   0x0800330c   0x00000d68   Code   RO         6696    i.basic_init        lv_theme_material.o
    0x08004074   0x08004074   0x00000056   Code   RO         4291    i.bits_write        lv_font_fmt_txt.o
    0x080040ca   0x080040ca   0x00000002   PAD
    0x080040cc   0x080040cc   0x00000572   Code   RO         6697    i.calendar_init     lv_theme_material.o
    0x0800463e   0x0800463e   0x00000002   PAD
    0x08004640   0x08004640   0x000001cc   Code   RO         6698    i.chart_init        lv_theme_material.o
    0x0800480c   0x0800480c   0x0000000c   Code   RO        15321    i.chip_driver_lcd_read_data  chip_driver_lcd_1.o
    0x08004818   0x08004818   0x0000000c   Code   RO        15323    i.chip_driver_lcd_set_cmd  chip_driver_lcd_1.o
    0x08004824   0x08004824   0x0000000c   Code   RO        15324    i.chip_driver_lcd_set_data  chip_driver_lcd_1.o
    0x08004830   0x08004830   0x0000000c   Code   RO        15325    i.chip_driver_lcd_write_cmd  chip_driver_lcd_1.o
    0x0800483c   0x0800483c   0x0000000c   Code   RO        15326    i.chip_driver_lcd_write_data  chip_driver_lcd_1.o
    0x08004848   0x08004848   0x00000010   Code   RO        15327    i.chip_driver_lcd_write_reg  chip_driver_lcd_1.o
    0x08004858   0x08004858   0x00000034   Code   RO        15379    i.chip_driver_systick_delay_ms  chip_driver_systick.o
    0x0800488c   0x0800488c   0x0000001c   Code   RO        15381    i.chip_driver_systick_init  chip_driver_systick.o
    0x080048a8   0x080048a8   0x00000112   Code   RO         6336    i.clear_styles      lv_theme.o
    0x080049ba   0x080049ba   0x00000002   PAD
    0x080049bc   0x080049bc   0x000000e4   Code   RO         6699    i.ddlist_init       lv_theme_material.o
    0x08004aa0   0x08004aa0   0x000000e0   Code   RO         4292    i.decompress        lv_font_fmt_txt.o
    0x08004b80   0x08004b80   0x0000001c   Code   RO         4293    i.decompress_line   lv_font_fmt_txt.o
    0x08004b9c   0x08004b9c   0x00000010   Code   RO        13019    i.device_itl9341_back_light_on  device_itl9341_driver.o
    0x08004bac   0x08004bac   0x00000060   Code   RO        13022    i.device_itl9341_fill_color  device_itl9341_driver.o
    0x08004c0c   0x08004c0c   0x000001f8   Code   RO        13023    i.device_itl9341_fsmc_config  device_itl9341_driver.o
    0x08004e04   0x08004e04   0x0000000c   Code   RO        13024    i.device_itl9341_get_lcd_hor_size  device_itl9341_driver.o
    0x08004e10   0x08004e10   0x0000000c   Code   RO        13025    i.device_itl9341_get_lcd_ver_size  device_itl9341_driver.o
    0x08004e1c   0x08004e1c   0x00000298   Code   RO        13026    i.device_itl9341_init  device_itl9341_driver.o
    0x080050b4   0x080050b4   0x0000002c   Code   RO        13027    i.device_itl9341_read_lcd_id  device_itl9341_driver.o
    0x080050e0   0x080050e0   0x00000074   Code   RO        13031    i.device_itl9341_set_scan_dir  device_itl9341_driver.o
    0x08005154   0x08005154   0x00000040   Code   RO        13032    i.device_itl9341_set_show_dir  device_itl9341_driver.o
    0x08005194   0x08005194   0x0000006c   Code   RO        13033    i.device_itl9341_set_show_window  device_itl9341_driver.o
    0x08005200   0x08005200   0x0000006c   Code   RO        13034    i.device_itl9341_setcursor  device_itl9341_driver.o
    0x0800526c   0x0800526c   0x00000038   Code   RO        13035    i.device_itl9341_show_clear  device_itl9341_driver.o
    0x080052a4   0x080052a4   0x00000290   Code   RO        13179    i.device_sram_init  device_sram_driver.o
    0x08005534   0x08005534   0x0000001e   Code   RO        12440    i.disp_flush        lv_port_disp.o
    0x08005552   0x08005552   0x00000002   PAD
    0x08005554   0x08005554   0x00000470   Code   RO         3562    i.draw_bg           lv_draw_rect.o
    0x080059c4   0x080059c4   0x000002cc   Code   RO         3563    i.draw_border       lv_draw_rect.o
    0x08005c90   0x08005c90   0x00000448   Code   RO         3564    i.draw_full_border  lv_draw_rect.o
    0x080060d8   0x080060d8   0x0000026c   Code   RO         3180    i.draw_letter_normal  lv_draw_label.o
    0x08006344   0x08006344   0x00000378   Code   RO         3181    i.draw_letter_subpx  lv_draw_label.o
    0x080066bc   0x080066bc   0x000001f8   Code   RO         3288    i.draw_line_hor     lv_draw_line.o
    0x080068b4   0x080068b4   0x000003b0   Code   RO         3289    i.draw_line_skew    lv_draw_line.o
    0x08006c64   0x08006c64   0x000001ce   Code   RO         3290    i.draw_line_ver     lv_draw_line.o
    0x08006e32   0x08006e32   0x00000158   Code   RO         2820    i.draw_quarter_0    lv_draw_arc.o
    0x08006f8a   0x08006f8a   0x00000002   PAD
    0x08006f8c   0x08006f8c   0x0000016e   Code   RO         2821    i.draw_quarter_1    lv_draw_arc.o
    0x080070fa   0x080070fa   0x00000002   PAD
    0x080070fc   0x080070fc   0x000001aa   Code   RO         2822    i.draw_quarter_2    lv_draw_arc.o
    0x080072a6   0x080072a6   0x0000016a   Code   RO         2823    i.draw_quarter_3    lv_draw_arc.o
    0x08007410   0x08007410   0x000000d6   Code   RO         3565    i.draw_value_str    lv_draw_rect.o
    0x080074e6   0x080074e6   0x00000002   PAD
    0x080074e8   0x080074e8   0x00000024   Code   RO         5869    i.ent_get_next      lv_mem.o
    0x0800750c   0x0800750c   0x0000003e   Code   RO         5870    i.ent_trunc         lv_mem.o
    0x0800754a   0x0800754a   0x00000002   PAD
    0x0800754c   0x0800754c   0x00000396   Code   RO         2916    i.fill_normal       lv_draw_blend.o
    0x080078e2   0x080078e2   0x00000002   PAD
    0x080078e4   0x080078e4   0x000000ca   Code   RO         2917    i.fill_set_px       lv_draw_blend.o
    0x080079ae   0x080079ae   0x000000d2   Code   RO          751    i.focus_next_core   lv_group.o
    0x08007a80   0x08007a80   0x000003cc   Code   RO         6700    i.gauge_init        lv_theme_material.o
    0x08007e4c   0x08007e4c   0x0000003e   Code   RO         2584    i.get_alloc_local_style  lv_style.o
    0x08007e8a   0x08007e8a   0x0000005c   Code   RO         4294    i.get_bits          lv_font_fmt_txt.o
    0x08007ee6   0x08007ee6   0x00000002   PAD
    0x08007ee8   0x08007ee8   0x00000114   Code   RO         4295    i.get_glyph_dsc_id  lv_font_fmt_txt.o
    0x08007ffc   0x08007ffc   0x00000090   Code   RO         4296    i.get_kern_value    lv_font_fmt_txt.o
    0x0800808c   0x0800808c   0x0000001c   Code   RO         2585    i.get_prop_size     lv_style.o
    0x080080a8   0x080080a8   0x00000064   Code   RO         2586    i.get_property_index  lv_style.o
    0x0800810c   0x0800810c   0x00000076   Code   RO         2824    i.get_rounded_area  lv_draw_arc.o
    0x08008182   0x08008182   0x00000014   Code   RO         2587    i.get_style_prop    lv_style.o
    0x08008196   0x08008196   0x0000000a   Code   RO         2588    i.get_style_prop_attr  lv_style.o
    0x080081a0   0x080081a0   0x0000000a   Code   RO         2589    i.get_style_prop_id  lv_style.o
    0x080081aa   0x080081aa   0x000000be   Code   RO         3566    i.grad_get          lv_draw_rect.o
    0x08008268   0x08008268   0x00000040   Code   RO         3182    i.hex_char_to_num   lv_draw_label.o
    0x080082a8   0x080082a8   0x0000005e   Code   RO         1225    i.invalidate_style_cache  lv_obj.o
    0x08008306   0x08008306   0x00000014   Code   RO         4297    i.kern_pair_16_compare  lv_font_fmt_txt.o
    0x0800831a   0x0800831a   0x00000014   Code   RO         4298    i.kern_pair_8_compare  lv_font_fmt_txt.o
    0x0800832e   0x0800832e   0x00000002   PAD
    0x08008330   0x08008330   0x00000188   Code   RO         6701    i.keyboard_init     lv_theme_material.o
    0x080084b8   0x080084b8   0x00000158   Code   RO         3397    i.line_mask_flat    lv_draw_mask.o
    0x08008610   0x08008610   0x000001de   Code   RO         3398    i.line_mask_steep   lv_draw_mask.o
    0x080087ee   0x080087ee   0x00000002   PAD
    0x080087f0   0x080087f0   0x000001cc   Code   RO         6702    i.linemeter_init    lv_theme_material.o
    0x080089bc   0x080089bc   0x00000588   Code   RO         6703    i.list_init         lv_theme_material.o
    0x08008f44   0x08008f44   0x00000054   Code   RO         5278    i.lv_anim_del       lv_anim.o
    0x08008f98   0x08008f98   0x00000040   Code   RO         5280    i.lv_anim_init      lv_anim.o
    0x08008fd8   0x08008fd8   0x00000026   Code   RO         5285    i.lv_anim_path_linear  lv_anim.o
    0x08008ffe   0x08008ffe   0x00000002   PAD
    0x08009000   0x08009000   0x0000006c   Code   RO         5290    i.lv_anim_start     lv_anim.o
    0x0800906c   0x0800906c   0x00000006   Code   RO         1226    i.lv_area_copy      lv_obj.o
    0x08009072   0x08009072   0x00000002   PAD
    0x08009074   0x08009074   0x00000012   Code   RO         2420    i.lv_area_copy      lv_refr.o
    0x08009086   0x08009086   0x00000002   PAD
    0x08009088   0x08009088   0x00000012   Code   RO         3399    i.lv_area_copy      lv_draw_mask.o
    0x0800909a   0x0800909a   0x00000002   PAD
    0x0800909c   0x0800909c   0x00000012   Code   RO         3567    i.lv_area_copy      lv_draw_rect.o
    0x080090ae   0x080090ae   0x0000000c   Code   RO         5467    i.lv_area_get_height  lv_area.o
    0x080090ba   0x080090ba   0x0000001c   Code   RO         5468    i.lv_area_get_size  lv_area.o
    0x080090d6   0x080090d6   0x0000000c   Code   RO         3053    i.lv_area_get_width  lv_draw_img.o
    0x080090e2   0x080090e2   0x0000000c   Code   RO         3183    i.lv_area_get_width  lv_draw_label.o
    0x080090ee   0x080090ee   0x0000000c   Code   RO         5469    i.lv_area_get_width  lv_area.o
    0x080090fa   0x080090fa   0x0000000e   Code   RO         5470    i.lv_area_set       lv_area.o
    0x08009108   0x08009108   0x0000000a   Code   RO         5471    i.lv_area_set_height  lv_area.o
    0x08009112   0x08009112   0x00000016   Code   RO         5603    i.lv_color_darken   lv_color.o
    0x08009128   0x08009128   0x0000004c   Code   RO         5604    i.lv_color_fill     lv_color.o
    0x08009174   0x08009174   0x0000002e   Code   RO         1227    i.lv_color_hex      lv_obj.o
    0x080091a2   0x080091a2   0x00000018   Code   RO         6704    i.lv_color_hex      lv_theme_material.o
    0x080091ba   0x080091ba   0x0000002e   Code   RO         6705    i.lv_color_hex3     lv_theme_material.o
    0x080091e8   0x080091e8   0x00000030   Code   RO         6706    i.lv_color_make     lv_theme_material.o
    0x08009218   0x08009218   0x00000078   Code   RO         2918    i.lv_color_mix      lv_draw_blend.o
    0x08009290   0x08009290   0x00000078   Code   RO         3702    i.lv_color_mix      lv_img_buf.o
    0x08009308   0x08009308   0x00000078   Code   RO         5608    i.lv_color_mix      lv_color.o
    0x08009380   0x08009380   0x00000078   Code   RO         6707    i.lv_color_mix      lv_theme_material.o
    0x080093f8   0x080093f8   0x0000001e   Code   RO         4841    i.lv_disp_buf_init  lv_hal_disp.o
    0x08009416   0x08009416   0x00000002   PAD
    0x08009418   0x08009418   0x00000040   Code   RO         4842    i.lv_disp_drv_init  lv_hal_disp.o
    0x08009458   0x08009458   0x000000e4   Code   RO         4843    i.lv_disp_drv_register  lv_hal_disp.o
    0x0800953c   0x0800953c   0x0000000c   Code   RO         4846    i.lv_disp_flush_ready  lv_hal_disp.o
    0x08009548   0x08009548   0x00000004   Code   RO         4848    i.lv_disp_get_buf   lv_hal_disp.o
    0x0800954c   0x0800954c   0x0000000c   Code   RO         4849    i.lv_disp_get_default  lv_hal_disp.o
    0x08009558   0x08009558   0x00000018   Code   RO         4850    i.lv_disp_get_dpi   lv_hal_disp.o
    0x08009570   0x08009570   0x0000002c   Code   RO         4851    i.lv_disp_get_hor_res  lv_hal_disp.o
    0x0800959c   0x0800959c   0x00000010   Code   RO          529    i.lv_disp_get_layer_sys  lv_disp.o
    0x080095ac   0x080095ac   0x00000010   Code   RO          530    i.lv_disp_get_layer_top  lv_disp.o
    0x080095bc   0x080095bc   0x00000014   Code   RO         4853    i.lv_disp_get_next  lv_hal_disp.o
    0x080095d0   0x080095d0   0x00000010   Code   RO          531    i.lv_disp_get_scr_act  lv_disp.o
    0x080095e0   0x080095e0   0x00000010   Code   RO          532    i.lv_disp_get_scr_prev  lv_disp.o
    0x080095f0   0x080095f0   0x0000004c   Code   RO         4855    i.lv_disp_get_size_category  lv_hal_disp.o
    0x0800963c   0x0800963c   0x0000002c   Code   RO         4856    i.lv_disp_get_ver_res  lv_hal_disp.o
    0x08009668   0x08009668   0x00000012   Code   RO         4857    i.lv_disp_is_double_buf  lv_hal_disp.o
    0x0800967a   0x0800967a   0x00000024   Code   RO         4858    i.lv_disp_is_true_double_buf  lv_hal_disp.o
    0x0800969e   0x0800969e   0x00000216   Code   RO         2825    i.lv_draw_arc       lv_draw_arc.o
    0x080098b4   0x080098b4   0x00000034   Code   RO         3054    i.lv_draw_img       lv_draw_img.o
    0x080098e8   0x080098e8   0x00000022   Code   RO         3055    i.lv_draw_img_dsc_init  lv_draw_img.o
    0x0800990a   0x0800990a   0x00000002   PAD
    0x0800990c   0x0800990c   0x0000051c   Code   RO         3184    i.lv_draw_label     lv_draw_label.o
    0x08009e28   0x08009e28   0x00000048   Code   RO         3185    i.lv_draw_label_dsc_init  lv_draw_label.o
    0x08009e70   0x08009e70   0x000000be   Code   RO         3186    i.lv_draw_letter    lv_draw_label.o
    0x08009f2e   0x08009f2e   0x00000192   Code   RO         3291    i.lv_draw_line      lv_draw_line.o
    0x0800a0c0   0x0800a0c0   0x0000001e   Code   RO         3292    i.lv_draw_line_dsc_init  lv_draw_line.o
    0x0800a0de   0x0800a0de   0x00000002   PAD
    0x0800a0e0   0x0800a0e0   0x00000568   Code   RO         3056    i.lv_draw_map       lv_draw_img.o
    0x0800a648   0x0800a648   0x00000034   Code   RO         3400    i.lv_draw_mask_add  lv_draw_mask.o
    0x0800a67c   0x0800a67c   0x00000264   Code   RO         3401    i.lv_draw_mask_angle  lv_draw_mask.o
    0x0800a8e0   0x0800a8e0   0x000000a4   Code   RO         3402    i.lv_draw_mask_angle_init  lv_draw_mask.o
    0x0800a984   0x0800a984   0x00000044   Code   RO         3403    i.lv_draw_mask_apply  lv_draw_mask.o
    0x0800a9c8   0x0800a9c8   0x00000020   Code   RO         3406    i.lv_draw_mask_get_cnt  lv_draw_mask.o
    0x0800a9e8   0x0800a9e8   0x000000ac   Code   RO         3407    i.lv_draw_mask_line  lv_draw_mask.o
    0x0800aa94   0x0800aa94   0x00000046   Code   RO         3408    i.lv_draw_mask_line_angle_init  lv_draw_mask.o
    0x0800aada   0x0800aada   0x00000002   PAD
    0x0800aadc   0x0800aadc   0x00000104   Code   RO         3409    i.lv_draw_mask_line_points_init  lv_draw_mask.o
    0x0800abe0   0x0800abe0   0x00000402   Code   RO         3412    i.lv_draw_mask_radius  lv_draw_mask.o
    0x0800afe2   0x0800afe2   0x00000002   PAD
    0x0800afe4   0x0800afe4   0x00000050   Code   RO         3413    i.lv_draw_mask_radius_init  lv_draw_mask.o
    0x0800b034   0x0800b034   0x00000030   Code   RO         3414    i.lv_draw_mask_remove_custom  lv_draw_mask.o
    0x0800b064   0x0800b064   0x00000020   Code   RO         3415    i.lv_draw_mask_remove_id  lv_draw_mask.o
    0x0800b084   0x0800b084   0x00000046   Code   RO         3569    i.lv_draw_rect      lv_draw_rect.o
    0x0800b0ca   0x0800b0ca   0x00000002   PAD
    0x0800b0cc   0x0800b0cc   0x0000006c   Code   RO         3570    i.lv_draw_rect_dsc_init  lv_draw_rect.o
    0x0800b138   0x0800b138   0x0000001a   Code   RO         1232    i.lv_event_send     lv_obj.o
    0x0800b152   0x0800b152   0x00000002   PAD
    0x0800b154   0x0800b154   0x00000074   Code   RO         1233    i.lv_event_send_func  lv_obj.o
    0x0800b1c8   0x0800b1c8   0x0000008c   Code   RO          489    i.lv_ex_gauge_1     lv_arc_test.o
    0x0800b254   0x0800b254   0x000000b0   Code   RO         4299    i.lv_font_get_bitmap_fmt_txt  lv_font_fmt_txt.o
    0x0800b304   0x0800b304   0x00000004   Code   RO         3974    i.lv_font_get_glyph_bitmap  lv_font.o
    0x0800b308   0x0800b308   0x0000000a   Code   RO         3975    i.lv_font_get_glyph_dsc  lv_font.o
    0x0800b312   0x0800b312   0x00000002   PAD
    0x0800b314   0x0800b314   0x00000098   Code   RO         4300    i.lv_font_get_glyph_dsc_fmt_txt  lv_font_fmt_txt.o
    0x0800b3ac   0x0800b3ac   0x00000016   Code   RO         3976    i.lv_font_get_glyph_width  lv_font.o
    0x0800b3c2   0x0800b3c2   0x00000002   PAD
    0x0800b3c4   0x0800b3c4   0x00000114   Code   RO         9300    i.lv_gauge_create   lv_gauge.o
    0x0800b4d8   0x0800b4d8   0x0000005c   Code   RO         9301    i.lv_gauge_design   lv_gauge.o
    0x0800b534   0x0800b534   0x000001a4   Code   RO         9302    i.lv_gauge_draw_labels  lv_gauge.o
    0x0800b6d8   0x0800b6d8   0x00000214   Code   RO         9303    i.lv_gauge_draw_needle  lv_gauge.o
    0x0800b8ec   0x0800b8ec   0x00000004   Code   RO         9305    i.lv_gauge_get_min_value  lv_gauge.o
    0x0800b8f0   0x0800b8f0   0x00000060   Code   RO         9312    i.lv_gauge_set_needle_count  lv_gauge.o
    0x0800b950   0x0800b950   0x0000001e   Code   RO         9314    i.lv_gauge_set_scale  lv_gauge.o
    0x0800b96e   0x0800b96e   0x000001e4   Code   RO         9315    i.lv_gauge_set_value  lv_gauge.o
    0x0800bb52   0x0800bb52   0x00000002   PAD
    0x0800bb54   0x0800bb54   0x000000a4   Code   RO         9316    i.lv_gauge_signal   lv_gauge.o
    0x0800bbf8   0x0800bbf8   0x00000054   Code   RO          752    i.lv_group_add_obj  lv_group.o
    0x0800bc4c   0x0800bc4c   0x00000010   Code   RO          756    i.lv_group_focus_next  lv_group.o
    0x0800bc5c   0x0800bc5c   0x00000010   Code   RO          758    i.lv_group_focus_prev  lv_group.o
    0x0800bc6c   0x0800bc6c   0x0000000c   Code   RO          760    i.lv_group_get_editing  lv_group.o
    0x0800bc78   0x0800bc78   0x0000000e   Code   RO          762    i.lv_group_get_focused  lv_group.o
    0x0800bc86   0x0800bc86   0x0000002a   Code   RO          764    i.lv_group_refocus  lv_group.o
    0x0800bcb0   0x0800bcb0   0x00000084   Code   RO          766    i.lv_group_remove_obj  lv_group.o
    0x0800bd34   0x0800bd34   0x000000d0   Code   RO         3706    i.lv_img_buf_get_px_alpha  lv_img_buf.o
    0x0800be04   0x0800be04   0x000000e0   Code   RO         3707    i.lv_img_buf_get_px_color  lv_img_buf.o
    0x0800bee4   0x0800bee4   0x00000034   Code   RO         3057    i.lv_img_cf_get_px_size  lv_draw_img.o
    0x0800bf18   0x0800bf18   0x00000020   Code   RO         3058    i.lv_img_cf_has_alpha  lv_draw_img.o
    0x0800bf38   0x0800bf38   0x0000001a   Code   RO         3059    i.lv_img_cf_is_chroma_keyed  lv_draw_img.o
    0x0800bf52   0x0800bf52   0x00000026   Code   RO         3851    i.lv_img_decoder_built_in_close  lv_img_decoder.o
    0x0800bf78   0x0800bf78   0x0000005e   Code   RO         3852    i.lv_img_decoder_built_in_info  lv_img_decoder.o
    0x0800bfd6   0x0800bfd6   0x00000002   PAD
    0x0800bfd8   0x0800bfd8   0x00000160   Code   RO         3853    i.lv_img_decoder_built_in_line_alpha  lv_img_decoder.o
    0x0800c138   0x0800c138   0x00000122   Code   RO         3854    i.lv_img_decoder_built_in_line_indexed  lv_img_decoder.o
    0x0800c25a   0x0800c25a   0x00000002   PAD
    0x0800c25c   0x0800c25c   0x0000010e   Code   RO         3855    i.lv_img_decoder_built_in_open  lv_img_decoder.o
    0x0800c36a   0x0800c36a   0x00000060   Code   RO         3856    i.lv_img_decoder_built_in_read_line  lv_img_decoder.o
    0x0800c3ca   0x0800c3ca   0x00000024   Code   RO         3857    i.lv_img_decoder_close  lv_img_decoder.o
    0x0800c3ee   0x0800c3ee   0x00000002   PAD
    0x0800c3f0   0x0800c3f0   0x00000020   Code   RO         3858    i.lv_img_decoder_create  lv_img_decoder.o
    0x0800c410   0x0800c410   0x00000054   Code   RO         3860    i.lv_img_decoder_get_info  lv_img_decoder.o
    0x0800c464   0x0800c464   0x00000084   Code   RO         3861    i.lv_img_decoder_open  lv_img_decoder.o
    0x0800c4e8   0x0800c4e8   0x00000026   Code   RO         3862    i.lv_img_decoder_read_line  lv_img_decoder.o
    0x0800c50e   0x0800c50e   0x000001be   Code   RO         3060    i.lv_img_draw_core  lv_draw_img.o
    0x0800c6cc   0x0800c6cc   0x00000022   Code   RO         3061    i.lv_img_src_get_type  lv_draw_img.o
    0x0800c6ee   0x0800c6ee   0x00000002   PAD
    0x0800c6f0   0x0800c6f0   0x0000000c   Code   RO         1013    i.lv_indev_get_act  lv_indev.o
    0x0800c6fc   0x0800c6fc   0x00000014   Code   RO         5108    i.lv_indev_get_next  lv_hal_indev.o
    0x0800c710   0x0800c710   0x0000000c   Code   RO         1016    i.lv_indev_get_obj_act  lv_indev.o
    0x0800c71c   0x0800c71c   0x00000080   Code   RO         1022    i.lv_indev_reset    lv_indev.o
    0x0800c79c   0x0800c79c   0x0000008c   Code   RO         1236    i.lv_init           lv_obj.o
    0x0800c828   0x0800c828   0x000000a0   Code   RO        10246    i.lv_linemeter_create  lv_linemeter.o
    0x0800c8c8   0x0800c8c8   0x00000040   Code   RO        10247    i.lv_linemeter_design  lv_linemeter.o
    0x0800c908   0x0800c908   0x00000446   Code   RO        10248    i.lv_linemeter_draw_scale  lv_linemeter.o
    0x0800cd4e   0x0800cd4e   0x0000000a   Code   RO        10249    i.lv_linemeter_get_angle_offset  lv_linemeter.o
    0x0800cd58   0x0800cd58   0x0000000a   Code   RO        10251    i.lv_linemeter_get_max_value  lv_linemeter.o
    0x0800cd62   0x0800cd62   0x0000000a   Code   RO        10252    i.lv_linemeter_get_min_value  lv_linemeter.o
    0x0800cd6c   0x0800cd6c   0x0000000a   Code   RO        10254    i.lv_linemeter_get_scale_angle  lv_linemeter.o
    0x0800cd76   0x0800cd76   0x00000028   Code   RO        10259    i.lv_linemeter_set_scale  lv_linemeter.o
    0x0800cd9e   0x0800cd9e   0x0000004e   Code   RO        10260    i.lv_linemeter_set_value  lv_linemeter.o
    0x0800cdec   0x0800cdec   0x00000054   Code   RO        10261    i.lv_linemeter_signal  lv_linemeter.o
    0x0800ce40   0x0800ce40   0x00000060   Code   RO         5871    i.lv_mem_alloc      lv_mem.o
    0x0800cea0   0x0800cea0   0x00000046   Code   RO         5872    i.lv_mem_defrag     lv_mem.o
    0x0800cee6   0x0800cee6   0x00000002   PAD
    0x0800cee8   0x0800cee8   0x0000005c   Code   RO         5873    i.lv_mem_free       lv_mem.o
    0x0800cf44   0x0800cf44   0x00000064   Code   RO         5875    i.lv_mem_realloc    lv_mem.o
    0x0800cfa8   0x0800cfa8   0x00000010   Code   RO         1238    i.lv_obj_add_state  lv_obj.o
    0x0800cfb8   0x0800cfb8   0x0000003e   Code   RO         1240    i.lv_obj_align      lv_obj.o
    0x0800cff6   0x0800cff6   0x0000003e   Code   RO         1241    i.lv_obj_align_mid  lv_obj.o
    0x0800d034   0x0800d034   0x00000012   Code   RO         1246    i.lv_obj_allocate_ext_attr  lv_obj.o
    0x0800d046   0x0800d046   0x00000002   PAD
    0x0800d048   0x0800d048   0x000000ba   Code   RO         1247    i.lv_obj_area_is_visible  lv_obj.o
    0x0800d102   0x0800d102   0x00000024   Code   RO         1249    i.lv_obj_clean_style_list  lv_obj.o
    0x0800d126   0x0800d126   0x00000012   Code   RO         1251    i.lv_obj_clear_state  lv_obj.o
    0x0800d138   0x0800d138   0x000002d8   Code   RO         1254    i.lv_obj_create     lv_obj.o
    0x0800d410   0x0800d410   0x00000040   Code   RO         1255    i.lv_obj_del        lv_obj.o
    0x0800d450   0x0800d450   0x00000240   Code   RO         1259    i.lv_obj_design     lv_obj.o
    0x0800d690   0x0800d690   0x0000000e   Code   RO         1266    i.lv_obj_get_child  lv_obj.o
    0x0800d69e   0x0800d69e   0x0000000c   Code   RO         1269    i.lv_obj_get_coords  lv_obj.o
    0x0800d6aa   0x0800d6aa   0x00000004   Code   RO         1270    i.lv_obj_get_design_cb  lv_obj.o
    0x0800d6ae   0x0800d6ae   0x00000002   PAD
    0x0800d6b0   0x0800d6b0   0x00000044   Code   RO         1271    i.lv_obj_get_disp   lv_obj.o
    0x0800d6f4   0x0800d6f4   0x000001f8   Code   RO         1276    i.lv_obj_get_draw_rect_ext_pad_size  lv_obj.o
    0x0800d8ec   0x0800d8ec   0x00000004   Code   RO         1278    i.lv_obj_get_ext_attr  lv_obj.o
    0x0800d8f0   0x0800d8f0   0x0000001a   Code   RO         1285    i.lv_obj_get_focused_obj  lv_obj.o
    0x0800d90a   0x0800d90a   0x0000000c   Code   RO         1288    i.lv_obj_get_height  lv_obj.o
    0x0800d916   0x0800d916   0x0000000a   Code   RO         1292    i.lv_obj_get_hidden  lv_obj.o
    0x0800d920   0x0800d920   0x00000004   Code   RO         1295    i.lv_obj_get_parent  lv_obj.o
    0x0800d924   0x0800d924   0x0000000c   Code   RO         1298    i.lv_obj_get_screen  lv_obj.o
    0x0800d930   0x0800d930   0x00000004   Code   RO         1299    i.lv_obj_get_signal_cb  lv_obj.o
    0x0800d934   0x0800d934   0x00000024   Code   RO         1300    i.lv_obj_get_state  lv_obj.o
    0x0800d958   0x0800d958   0x00000006   Code   RO         1301    i.lv_obj_get_style_bg_opa  lv_obj.o
    0x0800d95e   0x0800d95e   0x00000010   Code   RO         1302    i.lv_obj_get_style_border_post  lv_obj.o
    0x0800d96e   0x0800d96e   0x0000000c   Code   RO         1303    i.lv_obj_get_style_border_side  lv_obj.o
    0x0800d97a   0x0800d97a   0x00000006   Code   RO         1304    i.lv_obj_get_style_border_width  lv_obj.o
    0x0800d980   0x0800d980   0x00000010   Code   RO         1305    i.lv_obj_get_style_clip_corner  lv_obj.o
    0x0800d990   0x0800d990   0x00000008   Code   RO         1306    i.lv_obj_get_style_image_recolor_opa  lv_obj.o
    0x0800d998   0x0800d998   0x00000024   Code   RO         1307    i.lv_obj_get_style_list  lv_obj.o
    0x0800d9bc   0x0800d9bc   0x00000006   Code   RO         1308    i.lv_obj_get_style_margin_bottom  lv_obj.o
    0x0800d9c2   0x0800d9c2   0x00000006   Code   RO         1309    i.lv_obj_get_style_margin_left  lv_obj.o
    0x0800d9c8   0x0800d9c8   0x00000006   Code   RO         1310    i.lv_obj_get_style_margin_right  lv_obj.o
    0x0800d9ce   0x0800d9ce   0x00000006   Code   RO         1311    i.lv_obj_get_style_margin_top  lv_obj.o
    0x0800d9d4   0x0800d9d4   0x00000008   Code   RO         1312    i.lv_obj_get_style_opa_scale  lv_obj.o
    0x0800d9dc   0x0800d9dc   0x00000006   Code   RO         1313    i.lv_obj_get_style_outline_width  lv_obj.o
    0x0800d9e2   0x0800d9e2   0x00000006   Code   RO         1314    i.lv_obj_get_style_pad_bottom  lv_obj.o
    0x0800d9e8   0x0800d9e8   0x00000006   Code   RO         1315    i.lv_obj_get_style_pad_inner  lv_obj.o
    0x0800d9ee   0x0800d9ee   0x00000006   Code   RO         9317    i.lv_obj_get_style_pad_inner  lv_gauge.o
    0x0800d9f4   0x0800d9f4   0x00000006   Code   RO         1316    i.lv_obj_get_style_pad_left  lv_obj.o
    0x0800d9fa   0x0800d9fa   0x00000006   Code   RO         9318    i.lv_obj_get_style_pad_left  lv_gauge.o
    0x0800da00   0x0800da00   0x00000006   Code   RO         1317    i.lv_obj_get_style_pad_right  lv_obj.o
    0x0800da06   0x0800da06   0x00000006   Code   RO         9319    i.lv_obj_get_style_pad_right  lv_gauge.o
    0x0800da0c   0x0800da0c   0x00000006   Code   RO         1318    i.lv_obj_get_style_pad_top  lv_obj.o
    0x0800da12   0x0800da12   0x00000006   Code   RO         9320    i.lv_obj_get_style_pad_top  lv_gauge.o
    0x0800da18   0x0800da18   0x00000006   Code   RO         1319    i.lv_obj_get_style_radius  lv_obj.o
    0x0800da1e   0x0800da1e   0x00000006   Code   RO         1320    i.lv_obj_get_style_shadow_width  lv_obj.o
    0x0800da24   0x0800da24   0x0000000e   Code   RO         1321    i.lv_obj_get_style_text_decor  lv_obj.o
    0x0800da32   0x0800da32   0x00000008   Code   RO         1322    i.lv_obj_get_style_text_font  lv_obj.o
    0x0800da3a   0x0800da3a   0x00000008   Code   RO         1323    i.lv_obj_get_style_text_letter_space  lv_obj.o
    0x0800da42   0x0800da42   0x00000008   Code   RO         1324    i.lv_obj_get_style_text_line_space  lv_obj.o
    0x0800da4a   0x0800da4a   0x00000006   Code   RO         1325    i.lv_obj_get_style_transform_angle  lv_obj.o
    0x0800da50   0x0800da50   0x00000006   Code   RO         1326    i.lv_obj_get_style_transform_height  lv_obj.o
    0x0800da56   0x0800da56   0x00000006   Code   RO         1327    i.lv_obj_get_style_transform_width  lv_obj.o
    0x0800da5c   0x0800da5c   0x00000006   Code   RO         1328    i.lv_obj_get_style_transform_zoom  lv_obj.o
    0x0800da62   0x0800da62   0x0000000c   Code   RO         1329    i.lv_obj_get_style_value_align  lv_obj.o
    0x0800da6e   0x0800da6e   0x00000006   Code   RO         1330    i.lv_obj_get_style_value_font  lv_obj.o
    0x0800da74   0x0800da74   0x00000006   Code   RO         1331    i.lv_obj_get_style_value_letter_space  lv_obj.o
    0x0800da7a   0x0800da7a   0x00000006   Code   RO         1332    i.lv_obj_get_style_value_ofs_x  lv_obj.o
    0x0800da80   0x0800da80   0x00000006   Code   RO         1333    i.lv_obj_get_style_value_ofs_y  lv_obj.o
    0x0800da86   0x0800da86   0x00000006   Code   RO         1334    i.lv_obj_get_style_value_opa  lv_obj.o
    0x0800da8c   0x0800da8c   0x00000006   Code   RO         1335    i.lv_obj_get_style_value_str  lv_obj.o
    0x0800da92   0x0800da92   0x0000000c   Code   RO         1338    i.lv_obj_get_width  lv_obj.o
    0x0800da9e   0x0800da9e   0x00000012   Code   RO         1342    i.lv_obj_get_x      lv_obj.o
    0x0800dab0   0x0800dab0   0x00000012   Code   RO         1343    i.lv_obj_get_y      lv_obj.o
    0x0800dac2   0x0800dac2   0x00000002   PAD
    0x0800dac4   0x0800dac4   0x0000001a   Code   RO         1344    i.lv_obj_handle_get_type_signal  lv_obj.o
    0x0800dade   0x0800dade   0x0000008a   Code   RO         1346    i.lv_obj_init_draw_img_dsc  lv_obj.o
    0x0800db68   0x0800db68   0x000000bc   Code   RO         1347    i.lv_obj_init_draw_label_dsc  lv_obj.o
    0x0800dc24   0x0800dc24   0x00000094   Code   RO         1348    i.lv_obj_init_draw_line_dsc  lv_obj.o
    0x0800dcb8   0x0800dcb8   0x000001a2   Code   RO         1349    i.lv_obj_init_draw_rect_dsc  lv_obj.o
    0x0800de5a   0x0800de5a   0x00000042   Code   RO         1350    i.lv_obj_invalidate  lv_obj.o
    0x0800de9c   0x0800de9c   0x00000024   Code   RO         1351    i.lv_obj_invalidate_area  lv_obj.o
    0x0800dec0   0x0800dec0   0x00000018   Code   RO         1352    i.lv_obj_is_focused  lv_obj.o
    0x0800ded8   0x0800ded8   0x0000000c   Code   RO         1354    i.lv_obj_is_protected  lv_obj.o
    0x0800dee4   0x0800dee4   0x00000038   Code   RO         1357    i.lv_obj_move_foreground  lv_obj.o
    0x0800df1c   0x0800df1c   0x00000026   Code   RO         1358    i.lv_obj_realign    lv_obj.o
    0x0800df42   0x0800df42   0x0000000c   Code   RO         1359    i.lv_obj_refresh_ext_draw_pad  lv_obj.o
    0x0800df4e   0x0800df4e   0x00000106   Code   RO         1360    i.lv_obj_refresh_style  lv_obj.o
    0x0800e054   0x0800e054   0x0000003a   Code   RO         1363    i.lv_obj_report_style_mod  lv_obj.o
    0x0800e08e   0x0800e08e   0x00000018   Code   RO         1364    i.lv_obj_reset_style_list  lv_obj.o
    0x0800e0a6   0x0800e0a6   0x0000000c   Code   RO         1368    i.lv_obj_set_click  lv_obj.o
    0x0800e0b2   0x0800e0b2   0x00000004   Code   RO         1369    i.lv_obj_set_design_cb  lv_obj.o
    0x0800e0b6   0x0800e0b6   0x0000007c   Code   RO         1384    i.lv_obj_set_pos    lv_obj.o
    0x0800e132   0x0800e132   0x00000004   Code   RO         1385    i.lv_obj_set_signal_cb  lv_obj.o
    0x0800e136   0x0800e136   0x00000080   Code   RO         1386    i.lv_obj_set_size   lv_obj.o
    0x0800e1b6   0x0800e1b6   0x00000002   PAD
    0x0800e1b8   0x0800e1b8   0x000001e4   Code   RO         1387    i.lv_obj_set_state  lv_obj.o
    0x0800e39c   0x0800e39c   0x00000018   Code   RO         1392    i.lv_obj_set_x      lv_obj.o
    0x0800e3b4   0x0800e3b4   0x00000016   Code   RO         1393    i.lv_obj_set_y      lv_obj.o
    0x0800e3ca   0x0800e3ca   0x00000002   PAD
    0x0800e3cc   0x0800e3cc   0x000000e0   Code   RO         1394    i.lv_obj_signal     lv_obj.o
    0x0800e4ac   0x0800e4ac   0x00000038   Code   RO         5473    i.lv_point_within_circle  lv_area.o
    0x0800e4e4   0x0800e4e4   0x0000007c   Code   RO        12441    i.lv_port_disp_init  lv_port_disp.o
    0x0800e560   0x0800e560   0x00000154   Code   RO         2421    i.lv_refr_area      lv_refr.o
    0x0800e6b4   0x0800e6b4   0x00000114   Code   RO         2422    i.lv_refr_area_part  lv_refr.o
    0x0800e7c8   0x0800e7c8   0x0000009c   Code   RO         2423    i.lv_refr_areas     lv_refr.o
    0x0800e864   0x0800e864   0x00000074   Code   RO         2424    i.lv_refr_get_top_obj  lv_refr.o
    0x0800e8d8   0x0800e8d8   0x000000c8   Code   RO         2425    i.lv_refr_join_area  lv_refr.o
    0x0800e9a0   0x0800e9a0   0x000000da   Code   RO         2427    i.lv_refr_obj       lv_refr.o
    0x0800ea7a   0x0800ea7a   0x00000002   PAD
    0x0800ea7c   0x0800ea7c   0x00000050   Code   RO         2428    i.lv_refr_obj_and_children  lv_refr.o
    0x0800eacc   0x0800eacc   0x0000008c   Code   RO         2429    i.lv_refr_vdb_flush  lv_refr.o
    0x0800eb58   0x0800eb58   0x00000214   Code   RO         2430    i.lv_refr_vdb_rotate  lv_refr.o
    0x0800ed6c   0x0800ed6c   0x00000066   Code   RO         2431    i.lv_refr_vdb_rotate_180  lv_refr.o
    0x0800edd2   0x0800edd2   0x00000080   Code   RO         2432    i.lv_refr_vdb_rotate_90_sqr  lv_refr.o
    0x0800ee52   0x0800ee52   0x0000000e   Code   RO          491    i.lv_scr_act        lv_arc_test.o
    0x0800ee60   0x0800ee60   0x00000016   Code   RO         1395    i.lv_signal_send    lv_obj.o
    0x0800ee76   0x0800ee76   0x0000002a   Code   RO         2592    i.lv_style_copy     lv_style.o
    0x0800eea0   0x0800eea0   0x00000006   Code   RO         2593    i.lv_style_init     lv_style.o
    0x0800eea6   0x0800eea6   0x000000ce   Code   RO         2594    i.lv_style_list_copy  lv_style.o
    0x0800ef74   0x0800ef74   0x00000018   Code   RO         2595    i.lv_style_list_get_local_style  lv_style.o
    0x0800ef8c   0x0800ef8c   0x00000026   Code   RO         2596    i.lv_style_list_get_style  lv_style.o
    0x0800efb2   0x0800efb2   0x00000006   Code   RO         2597    i.lv_style_list_init  lv_style.o
    0x0800efb8   0x0800efb8   0x00000058   Code   RO         2598    i.lv_style_remove_prop  lv_style.o
    0x0800f010   0x0800f010   0x00000014   Code   RO         2599    i.lv_style_reset    lv_style.o
    0x0800f024   0x0800f024   0x0000000a   Code   RO         6708    i.lv_style_set_bg_color  lv_theme_material.o
    0x0800f02e   0x0800f02e   0x0000000a   Code   RO         6709    i.lv_style_set_bg_opa  lv_theme_material.o
    0x0800f038   0x0800f038   0x0000000a   Code   RO         6710    i.lv_style_set_border_color  lv_theme_material.o
    0x0800f042   0x0800f042   0x0000000a   Code   RO         6711    i.lv_style_set_border_side  lv_theme_material.o
    0x0800f04c   0x0800f04c   0x0000000a   Code   RO         6712    i.lv_style_set_border_width  lv_theme_material.o
    0x0800f056   0x0800f056   0x0000000a   Code   RO         6713    i.lv_style_set_clip_corner  lv_theme_material.o
    0x0800f060   0x0800f060   0x0000000c   Code   RO         6714    i.lv_style_set_image_recolor  lv_theme_material.o
    0x0800f06c   0x0800f06c   0x0000000a   Code   RO         6715    i.lv_style_set_line_color  lv_theme_material.o
    0x0800f076   0x0800f076   0x0000000a   Code   RO         6716    i.lv_style_set_line_rounded  lv_theme_material.o
    0x0800f080   0x0800f080   0x0000000a   Code   RO         6717    i.lv_style_set_line_width  lv_theme_material.o
    0x0800f08a   0x0800f08a   0x0000000a   Code   RO         6718    i.lv_style_set_margin_bottom  lv_theme_material.o
    0x0800f094   0x0800f094   0x0000000a   Code   RO         6719    i.lv_style_set_margin_top  lv_theme_material.o
    0x0800f09e   0x0800f09e   0x0000000a   Code   RO         6720    i.lv_style_set_outline_color  lv_theme_material.o
    0x0800f0a8   0x0800f0a8   0x0000000a   Code   RO         6721    i.lv_style_set_outline_opa  lv_theme_material.o
    0x0800f0b2   0x0800f0b2   0x0000000a   Code   RO         6722    i.lv_style_set_outline_width  lv_theme_material.o
    0x0800f0bc   0x0800f0bc   0x0000000a   Code   RO         6723    i.lv_style_set_pad_bottom  lv_theme_material.o
    0x0800f0c6   0x0800f0c6   0x0000000a   Code   RO         6724    i.lv_style_set_pad_inner  lv_theme_material.o
    0x0800f0d0   0x0800f0d0   0x0000000a   Code   RO         6725    i.lv_style_set_pad_left  lv_theme_material.o
    0x0800f0da   0x0800f0da   0x0000000a   Code   RO         6726    i.lv_style_set_pad_right  lv_theme_material.o
    0x0800f0e4   0x0800f0e4   0x0000000a   Code   RO         6727    i.lv_style_set_pad_top  lv_theme_material.o
    0x0800f0ee   0x0800f0ee   0x0000000a   Code   RO         6728    i.lv_style_set_radius  lv_theme_material.o
    0x0800f0f8   0x0800f0f8   0x0000000a   Code   RO         6729    i.lv_style_set_scale_end_color  lv_theme_material.o
    0x0800f102   0x0800f102   0x0000000a   Code   RO         6730    i.lv_style_set_scale_end_line_width  lv_theme_material.o
    0x0800f10c   0x0800f10c   0x0000000a   Code   RO         6731    i.lv_style_set_scale_grad_color  lv_theme_material.o
    0x0800f116   0x0800f116   0x0000000a   Code   RO         6732    i.lv_style_set_scale_width  lv_theme_material.o
    0x0800f120   0x0800f120   0x0000000a   Code   RO         6733    i.lv_style_set_size  lv_theme_material.o
    0x0800f12a   0x0800f12a   0x0000000c   Code   RO         6734    i.lv_style_set_text_color  lv_theme_material.o
    0x0800f136   0x0800f136   0x0000000a   Code   RO         6735    i.lv_style_set_transform_width  lv_theme_material.o
    0x0800f140   0x0800f140   0x0000000a   Code   RO         6736    i.lv_style_set_transition_delay  lv_theme_material.o
    0x0800f14a   0x0800f14a   0x0000000a   Code   RO         6737    i.lv_style_set_transition_prop_5  lv_theme_material.o
    0x0800f154   0x0800f154   0x0000000a   Code   RO         6738    i.lv_style_set_transition_prop_6  lv_theme_material.o
    0x0800f15e   0x0800f15e   0x0000000a   Code   RO         6739    i.lv_style_set_transition_time  lv_theme_material.o
    0x0800f168   0x0800f168   0x0000000a   Code   RO         6740    i.lv_style_set_value_color  lv_theme_material.o
    0x0800f172   0x0800f172   0x0000000a   Code   RO         6741    i.lv_style_set_value_font  lv_theme_material.o
    0x0800f17c   0x0800f17c   0x0000007c   Code   RO         6035    i.lv_task_create    lv_task.o
    0x0800f1f8   0x0800f1f8   0x00000030   Code   RO         6037    i.lv_task_del       lv_task.o
    0x0800f228   0x0800f228   0x0000003c   Code   RO         6039    i.lv_task_exec      lv_task.o
    0x0800f264   0x0800f264   0x00000114   Code   RO         6042    i.lv_task_handler   lv_task.o
    0x0800f378   0x0800f378   0x00000012   Code   RO         6043    i.lv_task_ready     lv_task.o
    0x0800f38a   0x0800f38a   0x00000002   PAD
    0x0800f38c   0x0800f38c   0x0000005c   Code   RO         6047    i.lv_task_set_prio  lv_task.o
    0x0800f3e8   0x0800f3e8   0x00000018   Code   RO         6049    i.lv_task_time_remaining  lv_task.o
    0x0800f400   0x0800f400   0x00000020   Code   RO         6337    i.lv_theme_apply    lv_theme.o
    0x0800f420   0x0800f420   0x0000000c   Code   RO         6343    i.lv_theme_get_font_normal  lv_theme.o
    0x0800f42c   0x0800f42c   0x000000b0   Code   RO         6742    i.lv_theme_material_init  lv_theme_material.o
    0x0800f4dc   0x0800f4dc   0x0000000c   Code   RO         6347    i.lv_theme_set_act  lv_theme.o
    0x0800f4e8   0x0800f4e8   0x0000000c   Code   RO         5241    i.lv_tick_elaps     lv_hal_tick.o
    0x0800f4f4   0x0800f4f4   0x00000014   Code   RO         5242    i.lv_tick_get       lv_hal_tick.o
    0x0800f508   0x0800f508   0x00000014   Code   RO         5243    i.lv_tick_inc       lv_hal_tick.o
    0x0800f51c   0x0800f51c   0x00000130   Code   RO         6153    i.lv_txt_get_next_word  lv_txt.o
    0x0800f64c   0x0800f64c   0x00000030   Code   RO         6156    i.lv_txt_utf8_get_byte_id  lv_txt.o
    0x0800f67c   0x0800f67c   0x00000028   Code   RO         6157    i.lv_txt_utf8_get_char_id  lv_txt.o
    0x0800f6a4   0x0800f6a4   0x0000008a   Code   RO         6159    i.lv_txt_utf8_next  lv_txt.o
    0x0800f72e   0x0800f72e   0x00000032   Code   RO         6161    i.lv_txt_utf8_size  lv_txt.o
    0x0800f760   0x0800f760   0x00000014   Code   RO         2433    i.lv_vdb_rotate4    lv_refr.o
    0x0800f774   0x0800f774   0x00000044   Code   RO            3    i.main              main.o
    0x0800f7b8   0x0800f7b8   0x00000338   Code   RO         2919    i.map_normal        lv_draw_blend.o
    0x0800faf0   0x0800faf0   0x00000110   Code   RO         2920    i.map_set_px        lv_draw_blend.o
    0x0800fc00   0x0800fc00   0x0000001e   Code   RO         3416    i.mask_mix          lv_draw_mask.o
    0x0800fc1e   0x0800fc1e   0x0000000c   Code   RO         5726    i.node_set_next     lv_ll.o
    0x0800fc2a   0x0800fc2a   0x0000000a   Code   RO         5727    i.node_set_prev     lv_ll.o
    0x0800fc34   0x0800fc34   0x0000006c   Code   RO         1396    i.obj_align_core    lv_obj.o
    0x0800fca0   0x0800fca0   0x00000124   Code   RO         1397    i.obj_align_mid_core  lv_obj.o
    0x0800fdc4   0x0800fdc4   0x000000d4   Code   RO         1398    i.obj_del_core      lv_obj.o
    0x0800fe98   0x0800fe98   0x0000002a   Code   RO          773    i.obj_to_foreground  lv_group.o
    0x0800fec2   0x0800fec2   0x00000002   PAD
    0x0800fec4   0x0800fec4   0x00000118   Code   RO         6743    i.page_init         lv_theme_material.o
    0x0800ffdc   0x0800ffdc   0x00000044   Code   RO         1401    i.refresh_children_position  lv_obj.o
    0x08010020   0x08010020   0x00000030   Code   RO         1402    i.refresh_children_style  lv_obj.o
    0x08010050   0x08010050   0x00000086   Code   RO         1403    i.report_style_mod_core  lv_obj.o
    0x080100d6   0x080100d6   0x00000002   PAD
    0x080100d8   0x080100d8   0x000000a4   Code   RO         4301    i.rle_next          lv_font_fmt_txt.o
    0x0801017c   0x0801017c   0x00000048   Code   RO         3062    i.show_error        lv_draw_img.o
    0x080101c4   0x080101c4   0x0000021c   Code   RO         6744    i.slider_init       lv_theme_material.o
    0x080103e0   0x080103e0   0x000000c4   Code   RO         6745    i.spinbox_init      lv_theme_material.o
    0x080104a4   0x080104a4   0x000000c2   Code   RO         1404    i.style_prop_is_cacheble  lv_obj.o
    0x08010566   0x08010566   0x0000000e   Code   RO         2600    i.style_resize      lv_style.o
    0x08010574   0x08010574   0x000001b4   Code   RO         1405    i.style_snapshot    lv_obj.o
    0x08010728   0x08010728   0x00000108   Code   RO         1406    i.style_snapshot_compare  lv_obj.o
    0x08010830   0x08010830   0x00000100   Code   RO         6746    i.switch_init       lv_theme_material.o
    0x08010930   0x08010930   0x000001d4   Code   RO         6747    i.table_init        lv_theme_material.o
    0x08010b04   0x08010b04   0x0000043e   Code   RO         6748    i.tabview_win_shared_init  lv_theme_material.o
    0x08010f42   0x08010f42   0x00000002   PAD
    0x08010f44   0x08010f44   0x000000dc   Code   RO         6749    i.textarea_init     lv_theme_material.o
    0x08011020   0x08011020   0x000004be   Code   RO         6750    i.theme_apply       lv_theme_material.o
    0x080114de   0x080114de   0x00000136   Code   RO         1407    i.trans_anim_cb     lv_obj.o
    0x08011614   0x08011614   0x00000060   Code   RO         1408    i.trans_anim_ready_cb  lv_obj.o
    0x08011674   0x08011674   0x00000058   Code   RO         1409    i.trans_anim_start_cb  lv_obj.o
    0x080116cc   0x080116cc   0x00000248   Code   RO         1410    i.trans_create      lv_obj.o
    0x08011914   0x08011914   0x00000074   Code   RO         1411    i.trans_del         lv_obj.o
    0x08011988   0x08011988   0x00000008   Code   RO         4302    i.unicode_list_compare  lv_font_fmt_txt.o
    0x08011990   0x08011990   0x000002a4   Code   RO         1412    i.update_style_cache  lv_obj.o
    0x08011c34   0x08011c34   0x000000e0   Code   RO         1413    i.update_style_cache_children  lv_obj.o
    0x08011d14   0x08011d14   0x0000000a   Data   RO          492    .constdata          lv_arc_test.o
    0x08011d1e   0x08011d1e   0x00000002   PAD
    0x08011d20   0x08011d20   0x00000002   Data   RO         1414    .constdata          lv_obj.o
    0x08011d22   0x08011d22   0x00000002   PAD
    0x08011d24   0x08011d24   0x0000000a   Data   RO         3063    .constdata          lv_draw_img.o
    0x08011d2e   0x08011d2e   0x00000002   PAD
    0x08011d30   0x08011d30   0x0000011a   Data   RO         3188    .constdata          lv_draw_label.o
    0x08011e4a   0x08011e4a   0x00000021   Data   RO         3293    .constdata          lv_draw_line.o
    0x08011e6b   0x08011e6b   0x00000001   PAD
    0x08011e6c   0x08011e6c   0x00000002   Data   RO         3571    .constdata          lv_draw_rect.o
    0x08011e6e   0x08011e6e   0x0000219a   Data   RO         4478    .constdata          lv_font_montserrat_14.o
    0x08014008   0x08014008   0x000004d8   Data   RO         4479    .constdata          lv_font_montserrat_14.o
    0x080144e0   0x080144e0   0x00000076   Data   RO         4480    .constdata          lv_font_montserrat_14.o
    0x08014556   0x08014556   0x00000002   PAD
    0x08014558   0x08014558   0x00000028   Data   RO         4481    .constdata          lv_font_montserrat_14.o
    0x08014580   0x08014580   0x0000009b   Data   RO         4482    .constdata          lv_font_montserrat_14.o
    0x0801461b   0x0801461b   0x0000009b   Data   RO         4483    .constdata          lv_font_montserrat_14.o
    0x080146b6   0x080146b6   0x00000bad   Data   RO         4484    .constdata          lv_font_montserrat_14.o
    0x08015263   0x08015263   0x00000001   PAD
    0x08015264   0x08015264   0x00000010   Data   RO         4485    .constdata          lv_font_montserrat_14.o
    0x08015274   0x08015274   0x00000006   Data   RO         4862    .constdata          lv_hal_disp.o
    0x0801527a   0x0801527a   0x00000002   PAD
    0x0801527c   0x0801527c   0x00000008   Data   RO         5291    .constdata          lv_anim.o
    0x08015284   0x08015284   0x000000b6   Data   RO         5821    .constdata          lv_math.o
    0x0801533a   0x0801533a   0x00000002   PAD
    0x0801533c   0x0801533c   0x00000032   Data   RO         6752    .constdata          lv_theme_material.o
    0x0801536e   0x0801536e   0x00000002   PAD
    0x08015370   0x08015370   0x00000020   Data   RO        15740    Region$$Table       anon$$obj.o


    Execution Region RW_IRAM1 (Exec base: 0x20000000, Load base: 0x08015390, Size: 0x0000a8c0, Max: 0x00020000, ABSOLUTE)

    Exec Addr    Load Addr    Size         Type   Attr      Idx    E Section Name        Object

    0x20000000   0x08015390   0x00000006   Data   RW          493    .data               lv_arc_test.o
    0x20000006   0x08015396   0x00000002   PAD
    0x20000008   0x08015398   0x00000008   Data   RW         1029    .data               lv_indev.o
    0x20000010   0x080153a0   0x0000000c   Data   RW         1415    .data               lv_obj.o
    0x2000001c   0x080153ac   0x00000008   Data   RW         2434    .data               lv_refr.o
    0x20000024   0x080153b4   0x00000008   Data   RW         3190    .data               lv_draw_label.o
    0x2000002c   0x080153bc   0x0000000c   Data   RW         4303    .data               lv_font_fmt_txt.o
    0x20000038   0x080153c8   0x0000001c   Data   RW         4486    .data               lv_font_montserrat_14.o
    0x20000054   0x080153e4   0x00000014   Data   RW         4487    .data               lv_font_montserrat_14.o
    0x20000068   0x080153f8   0x00000004   Data   RW         4863    .data               lv_hal_disp.o
    0x2000006c   0x080153fc   0x00000008   Data   RW         5244    .data               lv_hal_tick.o
    0x20000074   0x08015404   0x0000000c   Data   RW         5292    .data               lv_anim.o
    0x20000080   0x08015410   0x0000001c   Data   RW         5679    .data               lv_gc.o
    0x2000009c   0x0801542c   0x00000020   Data   RW         5880    .data               lv_mem.o
    0x200000bc   0x0801544c   0x00000010   Data   RW         6050    .data               lv_task.o
    0x200000cc   0x0801545c   0x0000000c   Data   RW         6162    .data               lv_txt.o
    0x200000d8   0x08015468   0x00000004   Data   RW         6166    .data               lv_txt.o
    0x200000dc   0x0801546c   0x00000004   Data   RW         6350    .data               lv_theme.o
    0x200000e0   0x08015470   0x00000004   Data   RW         6753    .data               lv_theme_material.o
    0x200000e4   0x08015474   0x00000008   Data   RW         9321    .data               lv_gauge.o
    0x200000ec   0x0801547c   0x00000004   Data   RW        10262    .data               lv_linemeter.o
    0x200000f0   0x08015480   0x00000004   Data   RW        13037    .data               device_itl9341_driver.o
    0x200000f4   0x08015484   0x00000008   Data   RW        15382    .data               chip_driver_systick.o
    0x200000fc        -       0x00000100   Zero   RW         3187    .bss                lv_draw_label.o
    0x200001fc        -       0x00000024   Zero   RW         3802    .bss                lv_img_cache.o
    0x20000220        -       0x0000016c   Zero   RW         5678    .bss                lv_gc.o
    0x2000038c        -       0x00008000   Zero   RW         5877    .bss                lv_mem.o
    0x2000838c        -       0x00000010   Zero   RW         5878    .bss                lv_mem.o
    0x2000839c        -       0x00000010   Zero   RW         5879    .bss                lv_mem.o
    0x200083ac        -       0x00000028   Zero   RW         6751    .bss                lv_theme_material.o
    0x200083d4        -       0x00000024   Zero   RW        12443    .bss                lv_port_disp.o
    0x200083f8        -       0x000004b8   Zero   RW        12783    .bss                segger_rtt.o
    0x200088b0        -       0x00000010   Zero   RW        13036    .bss                device_itl9341_driver.o
    0x200088c0        -       0x00002000   Zero   RW        13366    STACK               startup_stm32f40_41xxx.o



  Load Region LR$$.ARM.__AT_0x68000000 (Base: 0x68000000, Size: 0x00000000, Max: 0x00025800, ABSOLUTE)

    Execution Region ER$$.ARM.__AT_0x68000000 (Exec base: 0x68000000, Load base: 0x68000000, Size: 0x00025800, Max: 0x00025800, ABSOLUTE, UNINIT)

    Exec Addr    Load Addr    Size         Type   Attr      Idx    E Section Name        Object

    0x68000000        -       0x00025800   Zero   RW        12442    .ARM.__AT_0x68000000  lv_port_disp.o


==============================================================================

Image component sizes


      Code (inc. data)   RO Data    RW Data    ZI Data      Debug   Object Name

        76         36          0          0          0       3792   chip_driver_lcd_1.o
        80         10          0          8          0       1422   chip_driver_systick.o
      1800         94          0          4         16      10769   device_itl9341_driver.o
       656         18          0          0          0        979   device_sram_driver.o
       698         48          8         12          0      24593   lv_anim.o
         0          0          0          0          0      21000   lv_arc.o
       154         10         10          6          0      26268   lv_arc_test.o
      1254         22          0          0          0      10067   lv_area.o
         0          0          0          0          0        858   lv_async.o
         0          0          0          0          0       6897   lv_bar.o
         0          0          0          0          0       2742   lv_bidi.o
         0          0          0          0          0       1388   lv_btn.o
         0          0          0          0          0       1580   lv_calendar_test.o
       218          0          0          0          0       7958   lv_color.o
        64          0          0          0          0      27705   lv_disp.o
      2150          0          0          0          0      26832   lv_draw_arc.o
      2776          0          0          0          0      34776   lv_draw_blend.o
      2508         62         10          0          0      46340   lv_draw_img.o
      3154         40        282          8        256      39523   lv_draw_label.o
      2342          6         33          0          0      35771   lv_draw_line.o
      3486         40          0          0          0      22385   lv_draw_mask.o
      3548          8          2          0          0      35254   lv_draw_rect.o
        36          0          0          0          0       4231   lv_font.o
         0          0          0          0          0       1784   lv_font_dejavu_16_persian_hebrew.o
      1414         54          0         12          0      14157   lv_font_fmt_txt.o
         0          0      13315         48          0       2340   lv_font_montserrat_14.o
      2122         34          0          8          0      48672   lv_gauge.o
         0          0          0         28        364       5707   lv_gc.o
       580         20          0          0          0      32693   lv_group.o
       612         56          6          4          0      32151   lv_hal_disp.o
        20          4          0          0          0      24596   lv_hal_indev.o
        52         10          0          8          0       2180   lv_hal_tick.o
      2042         22          0          0          0      18169   lv_img_buf.o
        96          4          0          0         36       6141   lv_img_cache.o
      1518         66          0          0          0      22725   lv_img_decoder.o
       160         16          0          8          0      11972   lv_indev.o
      1560         32          0          4          0      54619   lv_linemeter.o
       638          0          0          0          0       9639   lv_ll.o
       154          6        182          0          0       2709   lv_math.o
      1428         56          0         32      32800      12117   lv_mem.o
     10714        146          2         12          0     143204   lv_obj.o
       154         44          0          0     153636      26700   lv_port_disp.o
      2908         64          0          8          0      52463   lv_refr.o
      2452          0          0          0          0      33209   lv_style.o
       670         56          0         16          0       6622   lv_task.o
       386         54          0          4          0      34716   lv_theme.o
     14440        456         50          4         40      83509   lv_theme_material.o
      1174         32          0         16          0      11439   lv_txt.o
       190          0          0          0          0       1731   lv_utils.o
        68         16          0          0          0     281764   main.o
        44         10          0          0          0       1089   misc.o
       456         40          0          0       1208      10315   segger_rtt.o
        36          8        392          0       8192        840   startup_stm32f40_41xxx.o
       232          6          0          0          0       1901   stm32f4xx_fsmc.o
       198          0          0          0          0       2326   stm32f4xx_gpio.o
        22          0          0          0          0       4210   stm32f4xx_it.o
        48         12          0          0          0       1202   stm32f4xx_rcc.o
       272         36          0          0          0       1565   system_stm32f4xx.o

    ----------------------------------------------------------------------
     71964       1754      14340        252     196548    1394306   Object Totals
         0          0         32          0          0          0   (incl. Generated)
       104          0         16          2          0          0   (incl. Padding)

    ----------------------------------------------------------------------

      Code (inc. data)   RO Data    RW Data    ZI Data      Debug   Library Member Name

         0          0          0          0          0          0   entry.o
         0          0          0          0          0          0   entry10a.o
         0          0          0          0          0          0   entry11a.o
         4          0          0          0          0          0   entry12b.o
         8          4          0          0          0          0   entry2.o
         4          0          0          0          0          0   entry5.o
         0          0          0          0          0          0   entry7b.o
         0          0          0          0          0          0   entry8b.o
         8          4          0          0          0          0   entry9a.o
        30          0          0          0          0          0   handlers.o
        36          8          0          0          0         68   init.o
        26          0          0          0          0         80   memcmp.o
        36          0          0          0          0         68   memcpya.o
       390         10          0          0          0        252   printf1.o
        18          0          0          0          0         68   strcpy.o
        14          0          0          0          0         68   strlen.o
        44          0          0          0          0         80   uidiv.o

    ----------------------------------------------------------------------
       624         26          0          0          0        684   Library Totals
         6          0          0          0          0          0   (incl. Padding)

    ----------------------------------------------------------------------

      Code (inc. data)   RO Data    RW Data    ZI Data      Debug   Library Name

       618         26          0          0          0        684   mc_w.l

    ----------------------------------------------------------------------
       624         26          0          0          0        684   Library Totals

    ----------------------------------------------------------------------

==============================================================================


      Code (inc. data)   RO Data    RW Data    ZI Data      Debug   

     72588       1780      14340        252     196548    1344634   Grand Totals
     72588       1780      14340        252     196548    1344634   ELF Image Totals
     72588       1780      14340        252          0          0   ROM Totals

==============================================================================

    Total RO  Size (Code + RO Data)                86928 (  84.89kB)
    Total RW  Size (RW Data + ZI Data)            196800 ( 192.19kB)
    Total ROM Size (Code + RO Data + RW Data)      87180 (  85.14kB)

==============================================================================

